Archive member included to satisfy reference by file (symbol)

C:/SysGCC/arm-eabi/bin/../lib/gcc/arm-none-eabi/14.2.1/thumb/v7-m/nofp\libc_nano.a(libc_a-exit.o)
                              C:/SysGCC/arm-eabi/bin/../lib/gcc/arm-none-eabi/14.2.1/thumb/v7-m/nofp/crt0.o (exit)
C:/SysGCC/arm-eabi/bin/../lib/gcc/arm-none-eabi/14.2.1/thumb/v7-m/nofp\libc_nano.a(libc_a-findfp.o)
                              C:/SysGCC/arm-eabi/bin/../lib/gcc/arm-none-eabi/14.2.1/thumb/v7-m/nofp\libc_nano.a(libc_a-exit.o) (__stdio_exit_handler)
C:/SysGCC/arm-eabi/bin/../lib/gcc/arm-none-eabi/14.2.1/thumb/v7-m/nofp\libc_nano.a(libc_a-fwalk.o)
                              C:/SysGCC/arm-eabi/bin/../lib/gcc/arm-none-eabi/14.2.1/thumb/v7-m/nofp\libc_nano.a(libc_a-findfp.o) (_fwalk_sglue)
C:/SysGCC/arm-eabi/bin/../lib/gcc/arm-none-eabi/14.2.1/thumb/v7-m/nofp\libc_nano.a(libc_a-stdio.o)
                              C:/SysGCC/arm-eabi/bin/../lib/gcc/arm-none-eabi/14.2.1/thumb/v7-m/nofp\libc_nano.a(libc_a-findfp.o) (__sread)
C:/SysGCC/arm-eabi/bin/../lib/gcc/arm-none-eabi/14.2.1/thumb/v7-m/nofp\libc_nano.a(libc_a-memset.o)
                              C:/SysGCC/arm-eabi/bin/../lib/gcc/arm-none-eabi/14.2.1/thumb/v7-m/nofp/crt0.o (memset)
C:/SysGCC/arm-eabi/bin/../lib/gcc/arm-none-eabi/14.2.1/thumb/v7-m/nofp\libc_nano.a(libc_a-closer.o)
                              C:/SysGCC/arm-eabi/bin/../lib/gcc/arm-none-eabi/14.2.1/thumb/v7-m/nofp\libc_nano.a(libc_a-stdio.o) (_close_r)
C:/SysGCC/arm-eabi/bin/../lib/gcc/arm-none-eabi/14.2.1/thumb/v7-m/nofp\libc_nano.a(libc_a-reent.o)
                              C:/SysGCC/arm-eabi/bin/../lib/gcc/arm-none-eabi/14.2.1/thumb/v7-m/nofp\libc_nano.a(libc_a-closer.o) (errno)
C:/SysGCC/arm-eabi/bin/../lib/gcc/arm-none-eabi/14.2.1/thumb/v7-m/nofp\libc_nano.a(libc_a-impure.o)
                              C:/SysGCC/arm-eabi/bin/../lib/gcc/arm-none-eabi/14.2.1/thumb/v7-m/nofp\libc_nano.a(libc_a-reent.o) (_impure_ptr)
C:/SysGCC/arm-eabi/bin/../lib/gcc/arm-none-eabi/14.2.1/thumb/v7-m/nofp\libc_nano.a(libc_a-lseekr.o)
                              C:/SysGCC/arm-eabi/bin/../lib/gcc/arm-none-eabi/14.2.1/thumb/v7-m/nofp\libc_nano.a(libc_a-stdio.o) (_lseek_r)
C:/SysGCC/arm-eabi/bin/../lib/gcc/arm-none-eabi/14.2.1/thumb/v7-m/nofp\libc_nano.a(libc_a-readr.o)
                              C:/SysGCC/arm-eabi/bin/../lib/gcc/arm-none-eabi/14.2.1/thumb/v7-m/nofp\libc_nano.a(libc_a-stdio.o) (_read_r)
C:/SysGCC/arm-eabi/bin/../lib/gcc/arm-none-eabi/14.2.1/thumb/v7-m/nofp\libc_nano.a(libc_a-writer.o)
                              C:/SysGCC/arm-eabi/bin/../lib/gcc/arm-none-eabi/14.2.1/thumb/v7-m/nofp\libc_nano.a(libc_a-stdio.o) (_write_r)
C:/SysGCC/arm-eabi/bin/../lib/gcc/arm-none-eabi/14.2.1/thumb/v7-m/nofp\libc_nano.a(libc_a-errno.o)
                              build_F103C8Tx/syscalls.o (__errno)
C:/SysGCC/arm-eabi/bin/../lib/gcc/arm-none-eabi/14.2.1/thumb/v7-m/nofp\libc_nano.a(libc_a-init.o)
                              C:/SysGCC/arm-eabi/bin/../lib/gcc/arm-none-eabi/14.2.1/thumb/v7-m/nofp/crt0.o (__libc_init_array)
C:/SysGCC/arm-eabi/bin/../lib/gcc/arm-none-eabi/14.2.1/thumb/v7-m/nofp\libc_nano.a(libc_a-lock.o)
                              C:/SysGCC/arm-eabi/bin/../lib/gcc/arm-none-eabi/14.2.1/thumb/v7-m/nofp\libc_nano.a(libc_a-findfp.o) (__retarget_lock_init_recursive)
C:/SysGCC/arm-eabi/bin/../lib/gcc/arm-none-eabi/14.2.1/thumb/v7-m/nofp\libc_nano.a(libc_a-freer.o)
                              C:/SysGCC/arm-eabi/bin/../lib/gcc/arm-none-eabi/14.2.1/thumb/v7-m/nofp\libc_nano.a(libc_a-reent.o) (_free_r)
C:/SysGCC/arm-eabi/bin/../lib/gcc/arm-none-eabi/14.2.1/thumb/v7-m/nofp\libc_nano.a(libc_a-mallocr.o)
                              C:/SysGCC/arm-eabi/bin/../lib/gcc/arm-none-eabi/14.2.1/thumb/v7-m/nofp\libc_nano.a(libc_a-findfp.o) (_malloc_r)
C:/SysGCC/arm-eabi/bin/../lib/gcc/arm-none-eabi/14.2.1/thumb/v7-m/nofp\libc_nano.a(libc_a-mlock.o)
                              C:/SysGCC/arm-eabi/bin/../lib/gcc/arm-none-eabi/14.2.1/thumb/v7-m/nofp\libc_nano.a(libc_a-freer.o) (__malloc_lock)
C:/SysGCC/arm-eabi/bin/../lib/gcc/arm-none-eabi/14.2.1/thumb/v7-m/nofp\libc_nano.a(libc_a-fflush.o)
                              C:/SysGCC/arm-eabi/bin/../lib/gcc/arm-none-eabi/14.2.1/thumb/v7-m/nofp\libc_nano.a(libc_a-findfp.o) (_fflush_r)
C:/SysGCC/arm-eabi/bin/../lib/gcc/arm-none-eabi/14.2.1/thumb/v7-m/nofp\libc_nano.a(libc_a-sbrkr.o)
                              C:/SysGCC/arm-eabi/bin/../lib/gcc/arm-none-eabi/14.2.1/thumb/v7-m/nofp\libc_nano.a(libc_a-mallocr.o) (_sbrk_r)
C:/SysGCC/arm-eabi/bin/../lib/gcc/arm-none-eabi/14.2.1/thumb/v7-m/nofp\libgcc.a(_arm_mulsf3.o)
                              build_F103C8Tx/main.o (__aeabi_fmul)
C:/SysGCC/arm-eabi/bin/../lib/gcc/arm-none-eabi/14.2.1/thumb/v7-m/nofp\libgcc.a(_arm_muldivsf3.o)
                              build_F103C8Tx/main.o (__aeabi_fdiv)
C:/SysGCC/arm-eabi/bin/../lib/gcc/arm-none-eabi/14.2.1/thumb/v7-m/nofp\libgcc.a(_arm_fixunssfsi.o)
                              build_F103C8Tx/main.o (__aeabi_f2uiz)

Discarded input sections

 .text          0x00000000        0x0 C:/SysGCC/arm-eabi/bin/../lib/gcc/arm-none-eabi/14.2.1/thumb/v7-m/nofp/crti.o
 .data          0x00000000        0x0 C:/SysGCC/arm-eabi/bin/../lib/gcc/arm-none-eabi/14.2.1/thumb/v7-m/nofp/crti.o
 .bss           0x00000000        0x0 C:/SysGCC/arm-eabi/bin/../lib/gcc/arm-none-eabi/14.2.1/thumb/v7-m/nofp/crti.o
 .text          0x00000000        0x0 C:/SysGCC/arm-eabi/bin/../lib/gcc/arm-none-eabi/14.2.1/thumb/v7-m/nofp/crtbegin.o
 .data          0x00000000        0x0 C:/SysGCC/arm-eabi/bin/../lib/gcc/arm-none-eabi/14.2.1/thumb/v7-m/nofp/crtbegin.o
 .bss           0x00000000        0x0 C:/SysGCC/arm-eabi/bin/../lib/gcc/arm-none-eabi/14.2.1/thumb/v7-m/nofp/crtbegin.o
 .rodata.all_implied_fbits
                0x00000000       0x24 C:/SysGCC/arm-eabi/bin/../lib/gcc/arm-none-eabi/14.2.1/thumb/v7-m/nofp/crtbegin.o
 .data.__dso_handle
                0x00000000        0x4 C:/SysGCC/arm-eabi/bin/../lib/gcc/arm-none-eabi/14.2.1/thumb/v7-m/nofp/crtbegin.o
 .text          0x00000000       0x7c C:/SysGCC/arm-eabi/bin/../lib/gcc/arm-none-eabi/14.2.1/thumb/v7-m/nofp/crt0.o
 .data          0x00000000        0x0 C:/SysGCC/arm-eabi/bin/../lib/gcc/arm-none-eabi/14.2.1/thumb/v7-m/nofp/crt0.o
 .bss           0x00000000        0x0 C:/SysGCC/arm-eabi/bin/../lib/gcc/arm-none-eabi/14.2.1/thumb/v7-m/nofp/crt0.o
 .ARM.extab     0x00000000        0x0 C:/SysGCC/arm-eabi/bin/../lib/gcc/arm-none-eabi/14.2.1/thumb/v7-m/nofp/crt0.o
 .ARM.exidx     0x00000000       0x10 C:/SysGCC/arm-eabi/bin/../lib/gcc/arm-none-eabi/14.2.1/thumb/v7-m/nofp/crt0.o
 .debug_line_str
                0x00000000       0xd2 C:/SysGCC/arm-eabi/bin/../lib/gcc/arm-none-eabi/14.2.1/thumb/v7-m/nofp/crt0.o
 .ARM.attributes
                0x00000000       0x1b C:/SysGCC/arm-eabi/bin/../lib/gcc/arm-none-eabi/14.2.1/thumb/v7-m/nofp/crt0.o
 .text          0x00000000        0x0 build_F103C8Tx/system_stm32f1xx.o
 .data          0x00000000        0x0 build_F103C8Tx/system_stm32f1xx.o
 .bss           0x00000000        0x0 build_F103C8Tx/system_stm32f1xx.o
 .text.SystemCoreClockUpdate
                0x00000000       0x94 build_F103C8Tx/system_stm32f1xx.o
 .rodata.APBPrescTable
                0x00000000        0x8 build_F103C8Tx/system_stm32f1xx.o
 .rodata.AHBPrescTable
                0x00000000       0x10 build_F103C8Tx/system_stm32f1xx.o
 .data.SystemCoreClock
                0x00000000        0x4 build_F103C8Tx/system_stm32f1xx.o
 .text          0x00000000        0x0 build_F103C8Tx/syscalls.o
 .data          0x00000000        0x0 build_F103C8Tx/syscalls.o
 .bss           0x00000000        0x0 build_F103C8Tx/syscalls.o
 .text.initialise_monitor_handles
                0x00000000        0x2 build_F103C8Tx/syscalls.o
 .text._getpid  0x00000000        0x4 build_F103C8Tx/syscalls.o
 .text._kill    0x00000000       0x10 build_F103C8Tx/syscalls.o
 .text._exit    0x00000000        0xc build_F103C8Tx/syscalls.o
 .text._read    0x00000000       0x20 build_F103C8Tx/syscalls.o
 .text._write   0x00000000       0x1c build_F103C8Tx/syscalls.o
 .text._close   0x00000000        0x6 build_F103C8Tx/syscalls.o
 .text._fstat   0x00000000        0xa build_F103C8Tx/syscalls.o
 .text._isatty  0x00000000        0x4 build_F103C8Tx/syscalls.o
 .text._lseek   0x00000000        0x4 build_F103C8Tx/syscalls.o
 .text._open    0x00000000        0xa build_F103C8Tx/syscalls.o
 .text._wait    0x00000000       0x10 build_F103C8Tx/syscalls.o
 .text._unlink  0x00000000       0x10 build_F103C8Tx/syscalls.o
 .text._times   0x00000000        0x6 build_F103C8Tx/syscalls.o
 .text._stat    0x00000000        0xa build_F103C8Tx/syscalls.o
 .text._link    0x00000000       0x10 build_F103C8Tx/syscalls.o
 .text._fork    0x00000000       0x10 build_F103C8Tx/syscalls.o
 .text._execve  0x00000000       0x10 build_F103C8Tx/syscalls.o
 .data.environ  0x00000000        0x4 build_F103C8Tx/syscalls.o
 .bss.__env     0x00000000        0x4 build_F103C8Tx/syscalls.o
 .debug_info    0x00000000      0x848 build_F103C8Tx/syscalls.o
 .debug_abbrev  0x00000000      0x1e3 build_F103C8Tx/syscalls.o
 .debug_loc     0x00000000      0x583 build_F103C8Tx/syscalls.o
 .debug_aranges
                0x00000000       0xa8 build_F103C8Tx/syscalls.o
 .debug_ranges  0x00000000       0x98 build_F103C8Tx/syscalls.o
 .debug_line    0x00000000      0x3a5 build_F103C8Tx/syscalls.o
 .debug_str     0x00000000      0x3c9 build_F103C8Tx/syscalls.o
 .comment       0x00000000       0x46 build_F103C8Tx/syscalls.o
 .debug_frame   0x00000000      0x190 build_F103C8Tx/syscalls.o
 .ARM.attributes
                0x00000000       0x2d build_F103C8Tx/syscalls.o
 .text          0x00000000        0x0 build_F103C8Tx/sysmem.o
 .data          0x00000000        0x0 build_F103C8Tx/sysmem.o
 .bss           0x00000000        0x0 build_F103C8Tx/sysmem.o
 .text._sbrk    0x00000000       0x48 build_F103C8Tx/sysmem.o
 .bss.__sbrk_heap_end
                0x00000000        0x4 build_F103C8Tx/sysmem.o
 .debug_info    0x00000000      0x18c build_F103C8Tx/sysmem.o
 .debug_abbrev  0x00000000       0xeb build_F103C8Tx/sysmem.o
 .debug_loc     0x00000000       0x90 build_F103C8Tx/sysmem.o
 .debug_aranges
                0x00000000       0x20 build_F103C8Tx/sysmem.o
 .debug_ranges  0x00000000       0x10 build_F103C8Tx/sysmem.o
 .debug_line    0x00000000      0x16f build_F103C8Tx/sysmem.o
 .debug_str     0x00000000      0x1f5 build_F103C8Tx/sysmem.o
 .comment       0x00000000       0x46 build_F103C8Tx/sysmem.o
 .debug_frame   0x00000000       0x28 build_F103C8Tx/sysmem.o
 .ARM.attributes
                0x00000000       0x2d build_F103C8Tx/sysmem.o
 .text          0x00000000        0x0 build_F103C8Tx/main.o
 .data          0x00000000        0x0 build_F103C8Tx/main.o
 .bss           0x00000000        0x0 build_F103C8Tx/main.o
 .text          0x00000000        0x0 build_F103C8Tx/Init.o
 .data          0x00000000        0x0 build_F103C8Tx/Init.o
 .bss           0x00000000        0x0 build_F103C8Tx/Init.o
 .text          0x00000000        0x0 build_F103C8Tx/it_handlers.o
 .data          0x00000000        0x0 build_F103C8Tx/it_handlers.o
 .bss           0x00000000        0x0 build_F103C8Tx/it_handlers.o
 .text          0x00000000        0x0 build_F103C8Tx/variables.o
 .data          0x00000000        0x0 build_F103C8Tx/variables.o
 .bss           0x00000000        0x0 build_F103C8Tx/variables.o
 .text          0x00000000       0x14 build_F103C8Tx/startup_stm32f103xb.o
 .data          0x00000000        0x0 build_F103C8Tx/startup_stm32f103xb.o
 .bss           0x00000000        0x0 build_F103C8Tx/startup_stm32f103xb.o
 .text          0x00000000        0x0 C:/SysGCC/arm-eabi/bin/../lib/gcc/arm-none-eabi/14.2.1/thumb/v7-m/nofp\libc_nano.a(libc_a-exit.o)
 .data          0x00000000        0x0 C:/SysGCC/arm-eabi/bin/../lib/gcc/arm-none-eabi/14.2.1/thumb/v7-m/nofp\libc_nano.a(libc_a-exit.o)
 .bss           0x00000000        0x0 C:/SysGCC/arm-eabi/bin/../lib/gcc/arm-none-eabi/14.2.1/thumb/v7-m/nofp\libc_nano.a(libc_a-exit.o)
 .text.exit     0x00000000       0x24 C:/SysGCC/arm-eabi/bin/../lib/gcc/arm-none-eabi/14.2.1/thumb/v7-m/nofp\libc_nano.a(libc_a-exit.o)
 .debug_frame   0x00000000       0x28 C:/SysGCC/arm-eabi/bin/../lib/gcc/arm-none-eabi/14.2.1/thumb/v7-m/nofp\libc_nano.a(libc_a-exit.o)
 .ARM.attributes
                0x00000000       0x2d C:/SysGCC/arm-eabi/bin/../lib/gcc/arm-none-eabi/14.2.1/thumb/v7-m/nofp\libc_nano.a(libc_a-exit.o)
 .text          0x00000000        0x0 C:/SysGCC/arm-eabi/bin/../lib/gcc/arm-none-eabi/14.2.1/thumb/v7-m/nofp\libc_nano.a(libc_a-findfp.o)
 .data          0x00000000        0x0 C:/SysGCC/arm-eabi/bin/../lib/gcc/arm-none-eabi/14.2.1/thumb/v7-m/nofp\libc_nano.a(libc_a-findfp.o)
 .bss           0x00000000        0x0 C:/SysGCC/arm-eabi/bin/../lib/gcc/arm-none-eabi/14.2.1/thumb/v7-m/nofp\libc_nano.a(libc_a-findfp.o)
 .text.std      0x00000000       0x6c C:/SysGCC/arm-eabi/bin/../lib/gcc/arm-none-eabi/14.2.1/thumb/v7-m/nofp\libc_nano.a(libc_a-findfp.o)
 .text.stdio_exit_handler
                0x00000000       0x18 C:/SysGCC/arm-eabi/bin/../lib/gcc/arm-none-eabi/14.2.1/thumb/v7-m/nofp\libc_nano.a(libc_a-findfp.o)
 .text.cleanup_stdio
                0x00000000       0x40 C:/SysGCC/arm-eabi/bin/../lib/gcc/arm-none-eabi/14.2.1/thumb/v7-m/nofp\libc_nano.a(libc_a-findfp.o)
 .text.__fp_lock
                0x00000000       0x18 C:/SysGCC/arm-eabi/bin/../lib/gcc/arm-none-eabi/14.2.1/thumb/v7-m/nofp\libc_nano.a(libc_a-findfp.o)
 .text.__fp_unlock
                0x00000000       0x18 C:/SysGCC/arm-eabi/bin/../lib/gcc/arm-none-eabi/14.2.1/thumb/v7-m/nofp\libc_nano.a(libc_a-findfp.o)
 .text.global_stdio_init.part.0
                0x00000000       0x40 C:/SysGCC/arm-eabi/bin/../lib/gcc/arm-none-eabi/14.2.1/thumb/v7-m/nofp\libc_nano.a(libc_a-findfp.o)
 .text.__sfp_lock_acquire
                0x00000000        0xc C:/SysGCC/arm-eabi/bin/../lib/gcc/arm-none-eabi/14.2.1/thumb/v7-m/nofp\libc_nano.a(libc_a-findfp.o)
 .text.__sfp_lock_release
                0x00000000        0xc C:/SysGCC/arm-eabi/bin/../lib/gcc/arm-none-eabi/14.2.1/thumb/v7-m/nofp\libc_nano.a(libc_a-findfp.o)
 .text.__sfp    0x00000000       0xa4 C:/SysGCC/arm-eabi/bin/../lib/gcc/arm-none-eabi/14.2.1/thumb/v7-m/nofp\libc_nano.a(libc_a-findfp.o)
 .text.__sinit  0x00000000       0x30 C:/SysGCC/arm-eabi/bin/../lib/gcc/arm-none-eabi/14.2.1/thumb/v7-m/nofp\libc_nano.a(libc_a-findfp.o)
 .text.__fp_lock_all
                0x00000000       0x1c C:/SysGCC/arm-eabi/bin/../lib/gcc/arm-none-eabi/14.2.1/thumb/v7-m/nofp\libc_nano.a(libc_a-findfp.o)
 .text.__fp_unlock_all
                0x00000000       0x1c C:/SysGCC/arm-eabi/bin/../lib/gcc/arm-none-eabi/14.2.1/thumb/v7-m/nofp\libc_nano.a(libc_a-findfp.o)
 .data.__sglue  0x00000000        0xc C:/SysGCC/arm-eabi/bin/../lib/gcc/arm-none-eabi/14.2.1/thumb/v7-m/nofp\libc_nano.a(libc_a-findfp.o)
 .bss.__sf      0x00000000      0x138 C:/SysGCC/arm-eabi/bin/../lib/gcc/arm-none-eabi/14.2.1/thumb/v7-m/nofp\libc_nano.a(libc_a-findfp.o)
 .bss.__stdio_exit_handler
                0x00000000        0x4 C:/SysGCC/arm-eabi/bin/../lib/gcc/arm-none-eabi/14.2.1/thumb/v7-m/nofp\libc_nano.a(libc_a-findfp.o)
 .debug_frame   0x00000000      0x144 C:/SysGCC/arm-eabi/bin/../lib/gcc/arm-none-eabi/14.2.1/thumb/v7-m/nofp\libc_nano.a(libc_a-findfp.o)
 .ARM.attributes
                0x00000000       0x2d C:/SysGCC/arm-eabi/bin/../lib/gcc/arm-none-eabi/14.2.1/thumb/v7-m/nofp\libc_nano.a(libc_a-findfp.o)
 .text          0x00000000        0x0 C:/SysGCC/arm-eabi/bin/../lib/gcc/arm-none-eabi/14.2.1/thumb/v7-m/nofp\libc_nano.a(libc_a-fwalk.o)
 .data          0x00000000        0x0 C:/SysGCC/arm-eabi/bin/../lib/gcc/arm-none-eabi/14.2.1/thumb/v7-m/nofp\libc_nano.a(libc_a-fwalk.o)
 .bss           0x00000000        0x0 C:/SysGCC/arm-eabi/bin/../lib/gcc/arm-none-eabi/14.2.1/thumb/v7-m/nofp\libc_nano.a(libc_a-fwalk.o)
 .text._fwalk_sglue
                0x00000000       0x3c C:/SysGCC/arm-eabi/bin/../lib/gcc/arm-none-eabi/14.2.1/thumb/v7-m/nofp\libc_nano.a(libc_a-fwalk.o)
 .debug_frame   0x00000000       0x34 C:/SysGCC/arm-eabi/bin/../lib/gcc/arm-none-eabi/14.2.1/thumb/v7-m/nofp\libc_nano.a(libc_a-fwalk.o)
 .ARM.attributes
                0x00000000       0x2d C:/SysGCC/arm-eabi/bin/../lib/gcc/arm-none-eabi/14.2.1/thumb/v7-m/nofp\libc_nano.a(libc_a-fwalk.o)
 .text          0x00000000        0x0 C:/SysGCC/arm-eabi/bin/../lib/gcc/arm-none-eabi/14.2.1/thumb/v7-m/nofp\libc_nano.a(libc_a-stdio.o)
 .data          0x00000000        0x0 C:/SysGCC/arm-eabi/bin/../lib/gcc/arm-none-eabi/14.2.1/thumb/v7-m/nofp\libc_nano.a(libc_a-stdio.o)
 .bss           0x00000000        0x0 C:/SysGCC/arm-eabi/bin/../lib/gcc/arm-none-eabi/14.2.1/thumb/v7-m/nofp\libc_nano.a(libc_a-stdio.o)
 .text.__sread  0x00000000       0x22 C:/SysGCC/arm-eabi/bin/../lib/gcc/arm-none-eabi/14.2.1/thumb/v7-m/nofp\libc_nano.a(libc_a-stdio.o)
 .text.__seofread
                0x00000000        0x4 C:/SysGCC/arm-eabi/bin/../lib/gcc/arm-none-eabi/14.2.1/thumb/v7-m/nofp\libc_nano.a(libc_a-stdio.o)
 .text.__swrite
                0x00000000       0x38 C:/SysGCC/arm-eabi/bin/../lib/gcc/arm-none-eabi/14.2.1/thumb/v7-m/nofp\libc_nano.a(libc_a-stdio.o)
 .text.__sseek  0x00000000       0x26 C:/SysGCC/arm-eabi/bin/../lib/gcc/arm-none-eabi/14.2.1/thumb/v7-m/nofp\libc_nano.a(libc_a-stdio.o)
 .text.__sclose
                0x00000000        0x8 C:/SysGCC/arm-eabi/bin/../lib/gcc/arm-none-eabi/14.2.1/thumb/v7-m/nofp\libc_nano.a(libc_a-stdio.o)
 .debug_frame   0x00000000       0x88 C:/SysGCC/arm-eabi/bin/../lib/gcc/arm-none-eabi/14.2.1/thumb/v7-m/nofp\libc_nano.a(libc_a-stdio.o)
 .ARM.attributes
                0x00000000       0x2d C:/SysGCC/arm-eabi/bin/../lib/gcc/arm-none-eabi/14.2.1/thumb/v7-m/nofp\libc_nano.a(libc_a-stdio.o)
 .text          0x00000000        0x0 C:/SysGCC/arm-eabi/bin/../lib/gcc/arm-none-eabi/14.2.1/thumb/v7-m/nofp\libc_nano.a(libc_a-memset.o)
 .data          0x00000000        0x0 C:/SysGCC/arm-eabi/bin/../lib/gcc/arm-none-eabi/14.2.1/thumb/v7-m/nofp\libc_nano.a(libc_a-memset.o)
 .bss           0x00000000        0x0 C:/SysGCC/arm-eabi/bin/../lib/gcc/arm-none-eabi/14.2.1/thumb/v7-m/nofp\libc_nano.a(libc_a-memset.o)
 .text.memset   0x00000000       0x10 C:/SysGCC/arm-eabi/bin/../lib/gcc/arm-none-eabi/14.2.1/thumb/v7-m/nofp\libc_nano.a(libc_a-memset.o)
 .debug_frame   0x00000000       0x20 C:/SysGCC/arm-eabi/bin/../lib/gcc/arm-none-eabi/14.2.1/thumb/v7-m/nofp\libc_nano.a(libc_a-memset.o)
 .ARM.attributes
                0x00000000       0x2d C:/SysGCC/arm-eabi/bin/../lib/gcc/arm-none-eabi/14.2.1/thumb/v7-m/nofp\libc_nano.a(libc_a-memset.o)
 .text          0x00000000        0x0 C:/SysGCC/arm-eabi/bin/../lib/gcc/arm-none-eabi/14.2.1/thumb/v7-m/nofp\libc_nano.a(libc_a-closer.o)
 .data          0x00000000        0x0 C:/SysGCC/arm-eabi/bin/../lib/gcc/arm-none-eabi/14.2.1/thumb/v7-m/nofp\libc_nano.a(libc_a-closer.o)
 .bss           0x00000000        0x0 C:/SysGCC/arm-eabi/bin/../lib/gcc/arm-none-eabi/14.2.1/thumb/v7-m/nofp\libc_nano.a(libc_a-closer.o)
 .text._close_r
                0x00000000       0x20 C:/SysGCC/arm-eabi/bin/../lib/gcc/arm-none-eabi/14.2.1/thumb/v7-m/nofp\libc_nano.a(libc_a-closer.o)
 .debug_frame   0x00000000       0x2c C:/SysGCC/arm-eabi/bin/../lib/gcc/arm-none-eabi/14.2.1/thumb/v7-m/nofp\libc_nano.a(libc_a-closer.o)
 .ARM.attributes
                0x00000000       0x2d C:/SysGCC/arm-eabi/bin/../lib/gcc/arm-none-eabi/14.2.1/thumb/v7-m/nofp\libc_nano.a(libc_a-closer.o)
 .text          0x00000000        0x0 C:/SysGCC/arm-eabi/bin/../lib/gcc/arm-none-eabi/14.2.1/thumb/v7-m/nofp\libc_nano.a(libc_a-reent.o)
 .data          0x00000000        0x0 C:/SysGCC/arm-eabi/bin/../lib/gcc/arm-none-eabi/14.2.1/thumb/v7-m/nofp\libc_nano.a(libc_a-reent.o)
 .bss           0x00000000        0x0 C:/SysGCC/arm-eabi/bin/../lib/gcc/arm-none-eabi/14.2.1/thumb/v7-m/nofp\libc_nano.a(libc_a-reent.o)
 .text._reclaim_reent
                0x00000000       0xbc C:/SysGCC/arm-eabi/bin/../lib/gcc/arm-none-eabi/14.2.1/thumb/v7-m/nofp\libc_nano.a(libc_a-reent.o)
 .bss.errno     0x00000000        0x4 C:/SysGCC/arm-eabi/bin/../lib/gcc/arm-none-eabi/14.2.1/thumb/v7-m/nofp\libc_nano.a(libc_a-reent.o)
 .debug_frame   0x00000000       0x38 C:/SysGCC/arm-eabi/bin/../lib/gcc/arm-none-eabi/14.2.1/thumb/v7-m/nofp\libc_nano.a(libc_a-reent.o)
 .ARM.attributes
                0x00000000       0x2d C:/SysGCC/arm-eabi/bin/../lib/gcc/arm-none-eabi/14.2.1/thumb/v7-m/nofp\libc_nano.a(libc_a-reent.o)
 .text          0x00000000        0x0 C:/SysGCC/arm-eabi/bin/../lib/gcc/arm-none-eabi/14.2.1/thumb/v7-m/nofp\libc_nano.a(libc_a-impure.o)
 .data          0x00000000        0x0 C:/SysGCC/arm-eabi/bin/../lib/gcc/arm-none-eabi/14.2.1/thumb/v7-m/nofp\libc_nano.a(libc_a-impure.o)
 .bss           0x00000000        0x0 C:/SysGCC/arm-eabi/bin/../lib/gcc/arm-none-eabi/14.2.1/thumb/v7-m/nofp\libc_nano.a(libc_a-impure.o)
 .data._impure_ptr
                0x00000000        0x4 C:/SysGCC/arm-eabi/bin/../lib/gcc/arm-none-eabi/14.2.1/thumb/v7-m/nofp\libc_nano.a(libc_a-impure.o)
 .data._impure_data
                0x00000000       0x4c C:/SysGCC/arm-eabi/bin/../lib/gcc/arm-none-eabi/14.2.1/thumb/v7-m/nofp\libc_nano.a(libc_a-impure.o)
 .ARM.attributes
                0x00000000       0x2d C:/SysGCC/arm-eabi/bin/../lib/gcc/arm-none-eabi/14.2.1/thumb/v7-m/nofp\libc_nano.a(libc_a-impure.o)
 .text          0x00000000        0x0 C:/SysGCC/arm-eabi/bin/../lib/gcc/arm-none-eabi/14.2.1/thumb/v7-m/nofp\libc_nano.a(libc_a-lseekr.o)
 .data          0x00000000        0x0 C:/SysGCC/arm-eabi/bin/../lib/gcc/arm-none-eabi/14.2.1/thumb/v7-m/nofp\libc_nano.a(libc_a-lseekr.o)
 .bss           0x00000000        0x0 C:/SysGCC/arm-eabi/bin/../lib/gcc/arm-none-eabi/14.2.1/thumb/v7-m/nofp\libc_nano.a(libc_a-lseekr.o)
 .text._lseek_r
                0x00000000       0x24 C:/SysGCC/arm-eabi/bin/../lib/gcc/arm-none-eabi/14.2.1/thumb/v7-m/nofp\libc_nano.a(libc_a-lseekr.o)
 .debug_frame   0x00000000       0x2c C:/SysGCC/arm-eabi/bin/../lib/gcc/arm-none-eabi/14.2.1/thumb/v7-m/nofp\libc_nano.a(libc_a-lseekr.o)
 .ARM.attributes
                0x00000000       0x2d C:/SysGCC/arm-eabi/bin/../lib/gcc/arm-none-eabi/14.2.1/thumb/v7-m/nofp\libc_nano.a(libc_a-lseekr.o)
 .text          0x00000000        0x0 C:/SysGCC/arm-eabi/bin/../lib/gcc/arm-none-eabi/14.2.1/thumb/v7-m/nofp\libc_nano.a(libc_a-readr.o)
 .data          0x00000000        0x0 C:/SysGCC/arm-eabi/bin/../lib/gcc/arm-none-eabi/14.2.1/thumb/v7-m/nofp\libc_nano.a(libc_a-readr.o)
 .bss           0x00000000        0x0 C:/SysGCC/arm-eabi/bin/../lib/gcc/arm-none-eabi/14.2.1/thumb/v7-m/nofp\libc_nano.a(libc_a-readr.o)
 .text._read_r  0x00000000       0x24 C:/SysGCC/arm-eabi/bin/../lib/gcc/arm-none-eabi/14.2.1/thumb/v7-m/nofp\libc_nano.a(libc_a-readr.o)
 .debug_frame   0x00000000       0x2c C:/SysGCC/arm-eabi/bin/../lib/gcc/arm-none-eabi/14.2.1/thumb/v7-m/nofp\libc_nano.a(libc_a-readr.o)
 .ARM.attributes
                0x00000000       0x2d C:/SysGCC/arm-eabi/bin/../lib/gcc/arm-none-eabi/14.2.1/thumb/v7-m/nofp\libc_nano.a(libc_a-readr.o)
 .text          0x00000000        0x0 C:/SysGCC/arm-eabi/bin/../lib/gcc/arm-none-eabi/14.2.1/thumb/v7-m/nofp\libc_nano.a(libc_a-writer.o)
 .data          0x00000000        0x0 C:/SysGCC/arm-eabi/bin/../lib/gcc/arm-none-eabi/14.2.1/thumb/v7-m/nofp\libc_nano.a(libc_a-writer.o)
 .bss           0x00000000        0x0 C:/SysGCC/arm-eabi/bin/../lib/gcc/arm-none-eabi/14.2.1/thumb/v7-m/nofp\libc_nano.a(libc_a-writer.o)
 .text._write_r
                0x00000000       0x24 C:/SysGCC/arm-eabi/bin/../lib/gcc/arm-none-eabi/14.2.1/thumb/v7-m/nofp\libc_nano.a(libc_a-writer.o)
 .debug_frame   0x00000000       0x2c C:/SysGCC/arm-eabi/bin/../lib/gcc/arm-none-eabi/14.2.1/thumb/v7-m/nofp\libc_nano.a(libc_a-writer.o)
 .ARM.attributes
                0x00000000       0x2d C:/SysGCC/arm-eabi/bin/../lib/gcc/arm-none-eabi/14.2.1/thumb/v7-m/nofp\libc_nano.a(libc_a-writer.o)
 .text          0x00000000        0x0 C:/SysGCC/arm-eabi/bin/../lib/gcc/arm-none-eabi/14.2.1/thumb/v7-m/nofp\libc_nano.a(libc_a-errno.o)
 .data          0x00000000        0x0 C:/SysGCC/arm-eabi/bin/../lib/gcc/arm-none-eabi/14.2.1/thumb/v7-m/nofp\libc_nano.a(libc_a-errno.o)
 .bss           0x00000000        0x0 C:/SysGCC/arm-eabi/bin/../lib/gcc/arm-none-eabi/14.2.1/thumb/v7-m/nofp\libc_nano.a(libc_a-errno.o)
 .text.__errno  0x00000000        0xc C:/SysGCC/arm-eabi/bin/../lib/gcc/arm-none-eabi/14.2.1/thumb/v7-m/nofp\libc_nano.a(libc_a-errno.o)
 .debug_frame   0x00000000       0x20 C:/SysGCC/arm-eabi/bin/../lib/gcc/arm-none-eabi/14.2.1/thumb/v7-m/nofp\libc_nano.a(libc_a-errno.o)
 .ARM.attributes
                0x00000000       0x2d C:/SysGCC/arm-eabi/bin/../lib/gcc/arm-none-eabi/14.2.1/thumb/v7-m/nofp\libc_nano.a(libc_a-errno.o)
 .text          0x00000000        0x0 C:/SysGCC/arm-eabi/bin/../lib/gcc/arm-none-eabi/14.2.1/thumb/v7-m/nofp\libc_nano.a(libc_a-init.o)
 .data          0x00000000        0x0 C:/SysGCC/arm-eabi/bin/../lib/gcc/arm-none-eabi/14.2.1/thumb/v7-m/nofp\libc_nano.a(libc_a-init.o)
 .bss           0x00000000        0x0 C:/SysGCC/arm-eabi/bin/../lib/gcc/arm-none-eabi/14.2.1/thumb/v7-m/nofp\libc_nano.a(libc_a-init.o)
 .text          0x00000000        0x0 C:/SysGCC/arm-eabi/bin/../lib/gcc/arm-none-eabi/14.2.1/thumb/v7-m/nofp\libc_nano.a(libc_a-lock.o)
 .data          0x00000000        0x0 C:/SysGCC/arm-eabi/bin/../lib/gcc/arm-none-eabi/14.2.1/thumb/v7-m/nofp\libc_nano.a(libc_a-lock.o)
 .bss           0x00000000        0x0 C:/SysGCC/arm-eabi/bin/../lib/gcc/arm-none-eabi/14.2.1/thumb/v7-m/nofp\libc_nano.a(libc_a-lock.o)
 .text.__retarget_lock_init
                0x00000000        0x2 C:/SysGCC/arm-eabi/bin/../lib/gcc/arm-none-eabi/14.2.1/thumb/v7-m/nofp\libc_nano.a(libc_a-lock.o)
 .text.__retarget_lock_init_recursive
                0x00000000        0x2 C:/SysGCC/arm-eabi/bin/../lib/gcc/arm-none-eabi/14.2.1/thumb/v7-m/nofp\libc_nano.a(libc_a-lock.o)
 .text.__retarget_lock_close
                0x00000000        0x2 C:/SysGCC/arm-eabi/bin/../lib/gcc/arm-none-eabi/14.2.1/thumb/v7-m/nofp\libc_nano.a(libc_a-lock.o)
 .text.__retarget_lock_close_recursive
                0x00000000        0x2 C:/SysGCC/arm-eabi/bin/../lib/gcc/arm-none-eabi/14.2.1/thumb/v7-m/nofp\libc_nano.a(libc_a-lock.o)
 .text.__retarget_lock_acquire
                0x00000000        0x2 C:/SysGCC/arm-eabi/bin/../lib/gcc/arm-none-eabi/14.2.1/thumb/v7-m/nofp\libc_nano.a(libc_a-lock.o)
 .text.__retarget_lock_acquire_recursive
                0x00000000        0x2 C:/SysGCC/arm-eabi/bin/../lib/gcc/arm-none-eabi/14.2.1/thumb/v7-m/nofp\libc_nano.a(libc_a-lock.o)
 .text.__retarget_lock_try_acquire
                0x00000000        0x4 C:/SysGCC/arm-eabi/bin/../lib/gcc/arm-none-eabi/14.2.1/thumb/v7-m/nofp\libc_nano.a(libc_a-lock.o)
 .text.__retarget_lock_try_acquire_recursive
                0x00000000        0x4 C:/SysGCC/arm-eabi/bin/../lib/gcc/arm-none-eabi/14.2.1/thumb/v7-m/nofp\libc_nano.a(libc_a-lock.o)
 .text.__retarget_lock_release
                0x00000000        0x2 C:/SysGCC/arm-eabi/bin/../lib/gcc/arm-none-eabi/14.2.1/thumb/v7-m/nofp\libc_nano.a(libc_a-lock.o)
 .text.__retarget_lock_release_recursive
                0x00000000        0x2 C:/SysGCC/arm-eabi/bin/../lib/gcc/arm-none-eabi/14.2.1/thumb/v7-m/nofp\libc_nano.a(libc_a-lock.o)
 .bss.__lock___arc4random_mutex
                0x00000000        0x1 C:/SysGCC/arm-eabi/bin/../lib/gcc/arm-none-eabi/14.2.1/thumb/v7-m/nofp\libc_nano.a(libc_a-lock.o)
 .bss.__lock___dd_hash_mutex
                0x00000000        0x1 C:/SysGCC/arm-eabi/bin/../lib/gcc/arm-none-eabi/14.2.1/thumb/v7-m/nofp\libc_nano.a(libc_a-lock.o)
 .bss.__lock___tz_mutex
                0x00000000        0x1 C:/SysGCC/arm-eabi/bin/../lib/gcc/arm-none-eabi/14.2.1/thumb/v7-m/nofp\libc_nano.a(libc_a-lock.o)
 .bss.__lock___env_recursive_mutex
                0x00000000        0x1 C:/SysGCC/arm-eabi/bin/../lib/gcc/arm-none-eabi/14.2.1/thumb/v7-m/nofp\libc_nano.a(libc_a-lock.o)
 .bss.__lock___malloc_recursive_mutex
                0x00000000        0x1 C:/SysGCC/arm-eabi/bin/../lib/gcc/arm-none-eabi/14.2.1/thumb/v7-m/nofp\libc_nano.a(libc_a-lock.o)
 .bss.__lock___at_quick_exit_mutex
                0x00000000        0x1 C:/SysGCC/arm-eabi/bin/../lib/gcc/arm-none-eabi/14.2.1/thumb/v7-m/nofp\libc_nano.a(libc_a-lock.o)
 .bss.__lock___atexit_recursive_mutex
                0x00000000        0x1 C:/SysGCC/arm-eabi/bin/../lib/gcc/arm-none-eabi/14.2.1/thumb/v7-m/nofp\libc_nano.a(libc_a-lock.o)
 .bss.__lock___sfp_recursive_mutex
                0x00000000        0x1 C:/SysGCC/arm-eabi/bin/../lib/gcc/arm-none-eabi/14.2.1/thumb/v7-m/nofp\libc_nano.a(libc_a-lock.o)
 .debug_frame   0x00000000       0xb0 C:/SysGCC/arm-eabi/bin/../lib/gcc/arm-none-eabi/14.2.1/thumb/v7-m/nofp\libc_nano.a(libc_a-lock.o)
 .ARM.attributes
                0x00000000       0x2d C:/SysGCC/arm-eabi/bin/../lib/gcc/arm-none-eabi/14.2.1/thumb/v7-m/nofp\libc_nano.a(libc_a-lock.o)
 .text          0x00000000        0x0 C:/SysGCC/arm-eabi/bin/../lib/gcc/arm-none-eabi/14.2.1/thumb/v7-m/nofp\libc_nano.a(libc_a-freer.o)
 .data          0x00000000        0x0 C:/SysGCC/arm-eabi/bin/../lib/gcc/arm-none-eabi/14.2.1/thumb/v7-m/nofp\libc_nano.a(libc_a-freer.o)
 .bss           0x00000000        0x0 C:/SysGCC/arm-eabi/bin/../lib/gcc/arm-none-eabi/14.2.1/thumb/v7-m/nofp\libc_nano.a(libc_a-freer.o)
 .text._free_r  0x00000000       0x90 C:/SysGCC/arm-eabi/bin/../lib/gcc/arm-none-eabi/14.2.1/thumb/v7-m/nofp\libc_nano.a(libc_a-freer.o)
 .debug_frame   0x00000000       0x38 C:/SysGCC/arm-eabi/bin/../lib/gcc/arm-none-eabi/14.2.1/thumb/v7-m/nofp\libc_nano.a(libc_a-freer.o)
 .ARM.attributes
                0x00000000       0x2d C:/SysGCC/arm-eabi/bin/../lib/gcc/arm-none-eabi/14.2.1/thumb/v7-m/nofp\libc_nano.a(libc_a-freer.o)
 .text          0x00000000        0x0 C:/SysGCC/arm-eabi/bin/../lib/gcc/arm-none-eabi/14.2.1/thumb/v7-m/nofp\libc_nano.a(libc_a-mallocr.o)
 .data          0x00000000        0x0 C:/SysGCC/arm-eabi/bin/../lib/gcc/arm-none-eabi/14.2.1/thumb/v7-m/nofp\libc_nano.a(libc_a-mallocr.o)
 .bss           0x00000000        0x0 C:/SysGCC/arm-eabi/bin/../lib/gcc/arm-none-eabi/14.2.1/thumb/v7-m/nofp\libc_nano.a(libc_a-mallocr.o)
 .text.sbrk_aligned
                0x00000000       0x44 C:/SysGCC/arm-eabi/bin/../lib/gcc/arm-none-eabi/14.2.1/thumb/v7-m/nofp\libc_nano.a(libc_a-mallocr.o)
 .text._malloc_r
                0x00000000      0x100 C:/SysGCC/arm-eabi/bin/../lib/gcc/arm-none-eabi/14.2.1/thumb/v7-m/nofp\libc_nano.a(libc_a-mallocr.o)
 .bss.__malloc_sbrk_start
                0x00000000        0x4 C:/SysGCC/arm-eabi/bin/../lib/gcc/arm-none-eabi/14.2.1/thumb/v7-m/nofp\libc_nano.a(libc_a-mallocr.o)
 .bss.__malloc_free_list
                0x00000000        0x4 C:/SysGCC/arm-eabi/bin/../lib/gcc/arm-none-eabi/14.2.1/thumb/v7-m/nofp\libc_nano.a(libc_a-mallocr.o)
 .debug_frame   0x00000000       0x50 C:/SysGCC/arm-eabi/bin/../lib/gcc/arm-none-eabi/14.2.1/thumb/v7-m/nofp\libc_nano.a(libc_a-mallocr.o)
 .ARM.attributes
                0x00000000       0x2d C:/SysGCC/arm-eabi/bin/../lib/gcc/arm-none-eabi/14.2.1/thumb/v7-m/nofp\libc_nano.a(libc_a-mallocr.o)
 .text          0x00000000        0x0 C:/SysGCC/arm-eabi/bin/../lib/gcc/arm-none-eabi/14.2.1/thumb/v7-m/nofp\libc_nano.a(libc_a-mlock.o)
 .data          0x00000000        0x0 C:/SysGCC/arm-eabi/bin/../lib/gcc/arm-none-eabi/14.2.1/thumb/v7-m/nofp\libc_nano.a(libc_a-mlock.o)
 .bss           0x00000000        0x0 C:/SysGCC/arm-eabi/bin/../lib/gcc/arm-none-eabi/14.2.1/thumb/v7-m/nofp\libc_nano.a(libc_a-mlock.o)
 .text.__malloc_lock
                0x00000000        0xc C:/SysGCC/arm-eabi/bin/../lib/gcc/arm-none-eabi/14.2.1/thumb/v7-m/nofp\libc_nano.a(libc_a-mlock.o)
 .text.__malloc_unlock
                0x00000000        0xc C:/SysGCC/arm-eabi/bin/../lib/gcc/arm-none-eabi/14.2.1/thumb/v7-m/nofp\libc_nano.a(libc_a-mlock.o)
 .debug_frame   0x00000000       0x30 C:/SysGCC/arm-eabi/bin/../lib/gcc/arm-none-eabi/14.2.1/thumb/v7-m/nofp\libc_nano.a(libc_a-mlock.o)
 .ARM.attributes
                0x00000000       0x2d C:/SysGCC/arm-eabi/bin/../lib/gcc/arm-none-eabi/14.2.1/thumb/v7-m/nofp\libc_nano.a(libc_a-mlock.o)
 .text          0x00000000        0x0 C:/SysGCC/arm-eabi/bin/../lib/gcc/arm-none-eabi/14.2.1/thumb/v7-m/nofp\libc_nano.a(libc_a-fflush.o)
 .data          0x00000000        0x0 C:/SysGCC/arm-eabi/bin/../lib/gcc/arm-none-eabi/14.2.1/thumb/v7-m/nofp\libc_nano.a(libc_a-fflush.o)
 .bss           0x00000000        0x0 C:/SysGCC/arm-eabi/bin/../lib/gcc/arm-none-eabi/14.2.1/thumb/v7-m/nofp\libc_nano.a(libc_a-fflush.o)
 .text.__sflush_r
                0x00000000       0xfc C:/SysGCC/arm-eabi/bin/../lib/gcc/arm-none-eabi/14.2.1/thumb/v7-m/nofp\libc_nano.a(libc_a-fflush.o)
 .text._fflush_r
                0x00000000       0x50 C:/SysGCC/arm-eabi/bin/../lib/gcc/arm-none-eabi/14.2.1/thumb/v7-m/nofp\libc_nano.a(libc_a-fflush.o)
 .text.fflush   0x00000000       0x28 C:/SysGCC/arm-eabi/bin/../lib/gcc/arm-none-eabi/14.2.1/thumb/v7-m/nofp\libc_nano.a(libc_a-fflush.o)
 .debug_frame   0x00000000       0x5c C:/SysGCC/arm-eabi/bin/../lib/gcc/arm-none-eabi/14.2.1/thumb/v7-m/nofp\libc_nano.a(libc_a-fflush.o)
 .ARM.attributes
                0x00000000       0x2d C:/SysGCC/arm-eabi/bin/../lib/gcc/arm-none-eabi/14.2.1/thumb/v7-m/nofp\libc_nano.a(libc_a-fflush.o)
 .text          0x00000000        0x0 C:/SysGCC/arm-eabi/bin/../lib/gcc/arm-none-eabi/14.2.1/thumb/v7-m/nofp\libc_nano.a(libc_a-sbrkr.o)
 .data          0x00000000        0x0 C:/SysGCC/arm-eabi/bin/../lib/gcc/arm-none-eabi/14.2.1/thumb/v7-m/nofp\libc_nano.a(libc_a-sbrkr.o)
 .bss           0x00000000        0x0 C:/SysGCC/arm-eabi/bin/../lib/gcc/arm-none-eabi/14.2.1/thumb/v7-m/nofp\libc_nano.a(libc_a-sbrkr.o)
 .text._sbrk_r  0x00000000       0x20 C:/SysGCC/arm-eabi/bin/../lib/gcc/arm-none-eabi/14.2.1/thumb/v7-m/nofp\libc_nano.a(libc_a-sbrkr.o)
 .debug_frame   0x00000000       0x2c C:/SysGCC/arm-eabi/bin/../lib/gcc/arm-none-eabi/14.2.1/thumb/v7-m/nofp\libc_nano.a(libc_a-sbrkr.o)
 .ARM.attributes
                0x00000000       0x2d C:/SysGCC/arm-eabi/bin/../lib/gcc/arm-none-eabi/14.2.1/thumb/v7-m/nofp\libc_nano.a(libc_a-sbrkr.o)
 .text          0x00000000      0x168 C:/SysGCC/arm-eabi/bin/../lib/gcc/arm-none-eabi/14.2.1/thumb/v7-m/nofp\libgcc.a(_arm_mulsf3.o)
 .data          0x00000000        0x0 C:/SysGCC/arm-eabi/bin/../lib/gcc/arm-none-eabi/14.2.1/thumb/v7-m/nofp\libgcc.a(_arm_mulsf3.o)
 .bss           0x00000000        0x0 C:/SysGCC/arm-eabi/bin/../lib/gcc/arm-none-eabi/14.2.1/thumb/v7-m/nofp\libgcc.a(_arm_mulsf3.o)
 .debug_line_str
                0x00000000       0xca C:/SysGCC/arm-eabi/bin/../lib/gcc/arm-none-eabi/14.2.1/thumb/v7-m/nofp\libgcc.a(_arm_mulsf3.o)
 .debug_frame   0x00000000       0x24 C:/SysGCC/arm-eabi/bin/../lib/gcc/arm-none-eabi/14.2.1/thumb/v7-m/nofp\libgcc.a(_arm_mulsf3.o)
 .ARM.attributes
                0x00000000       0x1d C:/SysGCC/arm-eabi/bin/../lib/gcc/arm-none-eabi/14.2.1/thumb/v7-m/nofp\libgcc.a(_arm_mulsf3.o)
 .data          0x00000000        0x0 C:/SysGCC/arm-eabi/bin/../lib/gcc/arm-none-eabi/14.2.1/thumb/v7-m/nofp\libgcc.a(_arm_muldivsf3.o)
 .bss           0x00000000        0x0 C:/SysGCC/arm-eabi/bin/../lib/gcc/arm-none-eabi/14.2.1/thumb/v7-m/nofp\libgcc.a(_arm_muldivsf3.o)
 .data          0x00000000        0x0 C:/SysGCC/arm-eabi/bin/../lib/gcc/arm-none-eabi/14.2.1/thumb/v7-m/nofp\libgcc.a(_arm_fixunssfsi.o)
 .bss           0x00000000        0x0 C:/SysGCC/arm-eabi/bin/../lib/gcc/arm-none-eabi/14.2.1/thumb/v7-m/nofp\libgcc.a(_arm_fixunssfsi.o)
 .text          0x00000000        0x0 C:/SysGCC/arm-eabi/bin/../lib/gcc/arm-none-eabi/14.2.1/thumb/v7-m/nofp/crtend.o
 .data          0x00000000        0x0 C:/SysGCC/arm-eabi/bin/../lib/gcc/arm-none-eabi/14.2.1/thumb/v7-m/nofp/crtend.o
 .bss           0x00000000        0x0 C:/SysGCC/arm-eabi/bin/../lib/gcc/arm-none-eabi/14.2.1/thumb/v7-m/nofp/crtend.o
 .rodata.all_implied_fbits
                0x00000000       0x24 C:/SysGCC/arm-eabi/bin/../lib/gcc/arm-none-eabi/14.2.1/thumb/v7-m/nofp/crtend.o
 .eh_frame      0x00000000        0x4 C:/SysGCC/arm-eabi/bin/../lib/gcc/arm-none-eabi/14.2.1/thumb/v7-m/nofp/crtend.o
 .text          0x00000000        0x0 C:/SysGCC/arm-eabi/bin/../lib/gcc/arm-none-eabi/14.2.1/thumb/v7-m/nofp/crtn.o
 .data          0x00000000        0x0 C:/SysGCC/arm-eabi/bin/../lib/gcc/arm-none-eabi/14.2.1/thumb/v7-m/nofp/crtn.o
 .bss           0x00000000        0x0 C:/SysGCC/arm-eabi/bin/../lib/gcc/arm-none-eabi/14.2.1/thumb/v7-m/nofp/crtn.o

Memory Configuration

Name             Origin             Length             Attributes
RAM              0x20000000         0x00005000         xrw
FLASH            0x08000000         0x00010000         xr
*default*        0x00000000         0xffffffff

Linker script and memory map

LOAD C:/SysGCC/arm-eabi/bin/../lib/gcc/arm-none-eabi/14.2.1/thumb/v7-m/nofp/crti.o
LOAD C:/SysGCC/arm-eabi/bin/../lib/gcc/arm-none-eabi/14.2.1/thumb/v7-m/nofp/crtbegin.o
LOAD C:/SysGCC/arm-eabi/bin/../lib/gcc/arm-none-eabi/14.2.1/thumb/v7-m/nofp/crt0.o
LOAD build_F103C8Tx/system_stm32f1xx.o
LOAD build_F103C8Tx/syscalls.o
LOAD build_F103C8Tx/sysmem.o
LOAD build_F103C8Tx/main.o
LOAD build_F103C8Tx/Init.o
LOAD build_F103C8Tx/it_handlers.o
LOAD build_F103C8Tx/variables.o
LOAD build_F103C8Tx/startup_stm32f103xb.o
LOAD C:/SysGCC/arm-eabi/bin/../lib/gcc/arm-none-eabi/14.2.1/thumb/v7-m/nofp\libc_nano.a
LOAD C:/SysGCC/arm-eabi/bin/../lib/gcc/arm-none-eabi/14.2.1/thumb/v7-m/nofp\libm.a
LOAD C:/SysGCC/arm-eabi/bin/../lib/gcc/arm-none-eabi/14.2.1/thumb/v7-m/nofp\libnosys.a
START GROUP
LOAD C:/SysGCC/arm-eabi/bin/../lib/gcc/arm-none-eabi/14.2.1/thumb/v7-m/nofp\libgcc.a
LOAD C:/SysGCC/arm-eabi/bin/../lib/gcc/arm-none-eabi/14.2.1/thumb/v7-m/nofp\libc_nano.a
END GROUP
START GROUP
LOAD C:/SysGCC/arm-eabi/bin/../lib/gcc/arm-none-eabi/14.2.1/thumb/v7-m/nofp\libgcc.a
LOAD C:/SysGCC/arm-eabi/bin/../lib/gcc/arm-none-eabi/14.2.1/thumb/v7-m/nofp\libc_nano.a
END GROUP
LOAD C:/SysGCC/arm-eabi/bin/../lib/gcc/arm-none-eabi/14.2.1/thumb/v7-m/nofp/crtend.o
LOAD C:/SysGCC/arm-eabi/bin/../lib/gcc/arm-none-eabi/14.2.1/thumb/v7-m/nofp/crtn.o
                0x20005000                        _estack = (ORIGIN (RAM) + LENGTH (RAM))
                0x00000200                        _Min_Heap_Size = 0x200
                0x00000400                        _Min_Stack_Size = 0x400

.isr_vector     0x08000000      0x10c
                0x08000000                        . = ALIGN (0x4)
 *(.isr_vector)
 .isr_vector    0x08000000      0x10c build_F103C8Tx/startup_stm32f103xb.o
                0x08000000                g_pfnVectors
                0x0800010c                        . = ALIGN (0x4)

.text           0x0800010c      0xda8
                0x0800010c                        . = ALIGN (0x4)
 *(.text)
 .text          0x0800010c      0x2a0 C:/SysGCC/arm-eabi/bin/../lib/gcc/arm-none-eabi/14.2.1/thumb/v7-m/nofp\libgcc.a(_arm_muldivsf3.o)
                0x0800010c                __mulsf3
                0x0800010c                __aeabi_fmul
                0x08000274                __aeabi_fdiv
                0x08000274                __divsf3
 .text          0x080003ac       0x40 C:/SysGCC/arm-eabi/bin/../lib/gcc/arm-none-eabi/14.2.1/thumb/v7-m/nofp\libgcc.a(_arm_fixunssfsi.o)
                0x080003ac                __fixunssfsi
                0x080003ac                __aeabi_f2uiz
 *(.text*)
 .text.deregister_tm_clones
                0x080003ec       0x1c C:/SysGCC/arm-eabi/bin/../lib/gcc/arm-none-eabi/14.2.1/thumb/v7-m/nofp/crtbegin.o
 .text.register_tm_clones
                0x08000408       0x24 C:/SysGCC/arm-eabi/bin/../lib/gcc/arm-none-eabi/14.2.1/thumb/v7-m/nofp/crtbegin.o
 .text.__do_global_dtors_aux
                0x0800042c       0x28 C:/SysGCC/arm-eabi/bin/../lib/gcc/arm-none-eabi/14.2.1/thumb/v7-m/nofp/crtbegin.o
 .text.frame_dummy
                0x08000454       0x24 C:/SysGCC/arm-eabi/bin/../lib/gcc/arm-none-eabi/14.2.1/thumb/v7-m/nofp/crtbegin.o
 .text.SystemInit
                0x08000478        0x2 build_F103C8Tx/system_stm32f1xx.o
                0x08000478                SystemInit
 *fill*         0x0800047a        0x2 
 .text.checkButtons
                0x0800047c      0x1f8 build_F103C8Tx/main.o
                0x0800047c                checkButtons
 .text.updateLEDs
                0x08000674      0x100 build_F103C8Tx/main.o
                0x08000674                updateLEDs
 .text.Hz2ms    0x08000774       0x1c build_F103C8Tx/main.o
                0x08000774                Hz2ms
 .text.LEDsOff  0x08000790       0x34 build_F103C8Tx/main.o
                0x08000790                LEDsOff
 .text.function1
                0x080007c4       0xb4 build_F103C8Tx/main.o
                0x080007c4                function1
 .text.function2
                0x08000878       0xb8 build_F103C8Tx/main.o
                0x08000878                function2
 .text.main     0x08000930       0x3c build_F103C8Tx/main.o
                0x08000930                main
 .text.NVIC_EncodePriority
                0x0800096c       0x3e build_F103C8Tx/Init.o
 .text.SysTick_init
                0x080009aa       0x3e build_F103C8Tx/Init.o
                0x080009aa                SysTick_init
 .text.ITR_init
                0x080009e8      0x104 build_F103C8Tx/Init.o
                0x080009e8                ITR_init
 .text.RCC_init
                0x08000aec      0x104 build_F103C8Tx/Init.o
                0x08000aec                RCC_init
 .text.GPIO_init
                0x08000bf0      0x12c build_F103C8Tx/Init.o
                0x08000bf0                GPIO_init
 .text.SysTick_Handler
                0x08000d1c       0x10 build_F103C8Tx/it_handlers.o
                0x08000d1c                SysTick_Handler
 .text.EXTI9_5_IRQHandler
                0x08000d2c       0xa0 build_F103C8Tx/it_handlers.o
                0x08000d2c                EXTI9_5_IRQHandler
 .text.EXTI3_IRQHandler
                0x08000dcc       0x3c build_F103C8Tx/it_handlers.o
                0x08000dcc                EXTI3_IRQHandler
 .text.Reset_Handler
                0x08000e08       0x48 build_F103C8Tx/startup_stm32f103xb.o
                0x08000e08                Reset_Handler
 .text.Default_Handler
                0x08000e50        0x2 build_F103C8Tx/startup_stm32f103xb.o
                0x08000e50                RTC_Alarm_IRQHandler
                0x08000e50                EXTI2_IRQHandler
                0x08000e50                DebugMon_Handler
                0x08000e50                TIM1_CC_IRQHandler
                0x08000e50                HardFault_Handler
                0x08000e50                PVD_IRQHandler
                0x08000e50                PendSV_Handler
                0x08000e50                NMI_Handler
                0x08000e50                EXTI0_IRQHandler
                0x08000e50                I2C2_EV_IRQHandler
                0x08000e50                UsageFault_Handler
                0x08000e50                ADC1_2_IRQHandler
                0x08000e50                SPI1_IRQHandler
                0x08000e50                TAMPER_IRQHandler
                0x08000e50                DMA1_Channel4_IRQHandler
                0x08000e50                USART3_IRQHandler
                0x08000e50                RTC_IRQHandler
                0x08000e50                DMA1_Channel7_IRQHandler
                0x08000e50                CAN1_RX1_IRQHandler
                0x08000e50                TIM4_IRQHandler
                0x08000e50                I2C1_EV_IRQHandler
                0x08000e50                DMA1_Channel6_IRQHandler
                0x08000e50                TIM3_IRQHandler
                0x08000e50                RCC_IRQHandler
                0x08000e50                TIM1_TRG_COM_IRQHandler
                0x08000e50                DMA1_Channel1_IRQHandler
                0x08000e50                Default_Handler
                0x08000e50                EXTI15_10_IRQHandler
                0x08000e50                SPI2_IRQHandler
                0x08000e50                MemManage_Handler
                0x08000e50                SVC_Handler
                0x08000e50                DMA1_Channel5_IRQHandler
                0x08000e50                EXTI4_IRQHandler
                0x08000e50                USB_LP_CAN1_RX0_IRQHandler
                0x08000e50                USB_HP_CAN1_TX_IRQHandler
                0x08000e50                DMA1_Channel3_IRQHandler
                0x08000e50                TIM1_UP_IRQHandler
                0x08000e50                WWDG_IRQHandler
                0x08000e50                TIM2_IRQHandler
                0x08000e50                TIM1_BRK_IRQHandler
                0x08000e50                EXTI1_IRQHandler
                0x08000e50                USART2_IRQHandler
                0x08000e50                I2C2_ER_IRQHandler
                0x08000e50                DMA1_Channel2_IRQHandler
                0x08000e50                CAN1_SCE_IRQHandler
                0x08000e50                FLASH_IRQHandler
                0x08000e50                BusFault_Handler
                0x08000e50                USART1_IRQHandler
                0x08000e50                I2C1_ER_IRQHandler
                0x08000e50                USBWakeUp_IRQHandler
 *fill*         0x08000e52        0x2 
 .text.__libc_init_array
                0x08000e54       0x48 C:/SysGCC/arm-eabi/bin/../lib/gcc/arm-none-eabi/14.2.1/thumb/v7-m/nofp\libc_nano.a(libc_a-init.o)
                0x08000e54                __libc_init_array
 *(.glue_7)
 .glue_7        0x08000e9c        0x0 linker stubs
 *(.glue_7t)
 .glue_7t       0x08000e9c        0x0 linker stubs
 *(.eh_frame)
 .eh_frame      0x08000e9c        0x0 C:/SysGCC/arm-eabi/bin/../lib/gcc/arm-none-eabi/14.2.1/thumb/v7-m/nofp/crtbegin.o
 *(.init)
 .init          0x08000e9c        0x4 C:/SysGCC/arm-eabi/bin/../lib/gcc/arm-none-eabi/14.2.1/thumb/v7-m/nofp/crti.o
                0x08000e9c                _init
 .init          0x08000ea0        0x8 C:/SysGCC/arm-eabi/bin/../lib/gcc/arm-none-eabi/14.2.1/thumb/v7-m/nofp/crtn.o
 *(.fini)
 .fini          0x08000ea8        0x4 C:/SysGCC/arm-eabi/bin/../lib/gcc/arm-none-eabi/14.2.1/thumb/v7-m/nofp/crti.o
                0x08000ea8                _fini
 .fini          0x08000eac        0x8 C:/SysGCC/arm-eabi/bin/../lib/gcc/arm-none-eabi/14.2.1/thumb/v7-m/nofp/crtn.o
                0x08000eb4                        . = ALIGN (0x4)
                0x08000eb4                        _etext = .

.vfp11_veneer   0x08000eb4        0x0
 .vfp11_veneer  0x08000eb4        0x0 linker stubs

.v4_bx          0x08000eb4        0x0
 .v4_bx         0x08000eb4        0x0 linker stubs

.iplt           0x08000eb4        0x0
 .iplt          0x08000eb4        0x0 C:/SysGCC/arm-eabi/bin/../lib/gcc/arm-none-eabi/14.2.1/thumb/v7-m/nofp/crtbegin.o

.rel.dyn        0x08000eb4        0x0
 .rel.iplt      0x08000eb4        0x0 C:/SysGCC/arm-eabi/bin/../lib/gcc/arm-none-eabi/14.2.1/thumb/v7-m/nofp/crtbegin.o

.rodata         0x08000eb4        0x0
                0x08000eb4                        . = ALIGN (0x4)
 *(.rodata)
 *(.rodata*)
                0x08000eb4                        . = ALIGN (0x4)

.ARM.extab
 *(.ARM.extab* .gnu.linkonce.armextab.*)

.ARM            0x08000eb4        0x0
                0x08000eb4                        __exidx_start = .
 *(.ARM.exidx*)
                0x08000eb4                        __exidx_end = .

.preinit_array  0x08000eb4        0x0
                0x08000eb4                        PROVIDE (__preinit_array_start = .)
 *(.preinit_array*)
                0x08000eb4                        PROVIDE (__preinit_array_end = .)

.init_array     0x08000eb4        0x4
                0x08000eb4                        PROVIDE (__init_array_start = .)
 *(SORT_BY_NAME(.init_array.*))
 *(.init_array*)
 .init_array    0x08000eb4        0x4 C:/SysGCC/arm-eabi/bin/../lib/gcc/arm-none-eabi/14.2.1/thumb/v7-m/nofp/crtbegin.o
                0x08000eb8                        PROVIDE (__init_array_end = .)

.fini_array     0x08000eb8        0x4
                [!provide]                        PROVIDE (__fini_array_start = .)
 *(SORT_BY_NAME(.fini_array.*))
 *(.fini_array*)
 .fini_array    0x08000eb8        0x4 C:/SysGCC/arm-eabi/bin/../lib/gcc/arm-none-eabi/14.2.1/thumb/v7-m/nofp/crtbegin.o
                [!provide]                        PROVIDE (__fini_array_end = .)
                0x08000ebc                        _sidata = LOADADDR (.data)

.data           0x20000000       0x1c load address 0x08000ebc
                0x20000000                        . = ALIGN (0x4)
                0x20000000                        _sdata = .
 *(.data)
 *(.data*)
 .data.Mode2Freqs
                0x20000000        0xc build_F103C8Tx/variables.o
                0x20000000                Mode2Freqs
 .data.Mode1Freqs
                0x2000000c        0xc build_F103C8Tx/variables.o
                0x2000000c                Mode1Freqs
 .data.debounce_thresh
                0x20000018        0x2 build_F103C8Tx/variables.o
                0x20000018                debounce_thresh
                0x2000001c                        . = ALIGN (0x4)
 *fill*         0x2000001a        0x2 
                0x2000001c                        _edata = .

.tm_clone_table
                0x2000001c        0x0 load address 0x08000ed8
 .tm_clone_table
                0x2000001c        0x0 C:/SysGCC/arm-eabi/bin/../lib/gcc/arm-none-eabi/14.2.1/thumb/v7-m/nofp/crtbegin.o
 .tm_clone_table
                0x2000001c        0x0 C:/SysGCC/arm-eabi/bin/../lib/gcc/arm-none-eabi/14.2.1/thumb/v7-m/nofp/crtend.o

.igot.plt       0x2000001c        0x0 load address 0x08000ed8
 .igot.plt      0x2000001c        0x0 C:/SysGCC/arm-eabi/bin/../lib/gcc/arm-none-eabi/14.2.1/thumb/v7-m/nofp/crtbegin.o
                0x2000001c                        . = ALIGN (0x4)

.bss            0x2000001c       0x88 load address 0x08000ed8
                0x2000001c                        _sbss = .
                0x2000001c                        __bss_start__ = _sbss
 *(.bss)
 *(.bss*)
 .bss.completed.1
                0x2000001c        0x1 C:/SysGCC/arm-eabi/bin/../lib/gcc/arm-none-eabi/14.2.1/thumb/v7-m/nofp/crtbegin.o
 *fill*         0x2000001d        0x3 
 .bss.object.0  0x20000020       0x18 C:/SysGCC/arm-eabi/bin/../lib/gcc/arm-none-eabi/14.2.1/thumb/v7-m/nofp/crtbegin.o
 .bss.LEDstates.0
                0x20000038        0x6 build_F103C8Tx/main.o
 *fill*         0x2000003e        0x2 
 .bss.t_prev.1  0x20000040       0x18 build_F103C8Tx/main.o
 .bss.t_step.2  0x20000058        0xc build_F103C8Tx/main.o
 .bss.step.3    0x20000064        0x2 build_F103C8Tx/main.o
 *fill*         0x20000066        0x2 
 .bss.t_prev_step.4
                0x20000068        0x4 build_F103C8Tx/main.o
 .bss.t_step.5  0x2000006c        0x2 build_F103C8Tx/main.o
 .bss.selLED    0x2000006e        0x1 build_F103C8Tx/variables.o
                0x2000006e                selLED
 *fill*         0x2000006f        0x1 
 .bss.currentFreqsMode2
                0x20000070        0x6 build_F103C8Tx/variables.o
                0x20000070                currentFreqsMode2
 .bss.currentFreqMode1
                0x20000076        0x1 build_F103C8Tx/variables.o
                0x20000076                currentFreqMode1
 .bss.mode      0x20000077        0x1 build_F103C8Tx/variables.o
                0x20000077                mode
 .bss.G7        0x20000078        0x1 build_F103C8Tx/variables.o
                0x20000078                G7
 .bss.R6        0x20000079        0x1 build_F103C8Tx/variables.o
                0x20000079                R6
 .bss.B5        0x2000007a        0x1 build_F103C8Tx/variables.o
                0x2000007a                B5
 .bss.B2        0x2000007b        0x1 build_F103C8Tx/variables.o
                0x2000007b                B2
 .bss.R1        0x2000007c        0x1 build_F103C8Tx/variables.o
                0x2000007c                R1
 .bss.G0        0x2000007d        0x1 build_F103C8Tx/variables.o
                0x2000007d                G0
 .bss.TSB3      0x2000007e        0x2 build_F103C8Tx/variables.o
                0x2000007e                TSB3
 .bss.TSB5      0x20000080        0x2 build_F103C8Tx/variables.o
                0x20000080                TSB5
 .bss.TSB7      0x20000082        0x2 build_F103C8Tx/variables.o
                0x20000082                TSB7
 .bss.TSB9      0x20000084        0x2 build_F103C8Tx/variables.o
                0x20000084                TSB9
 .bss.counterB3
                0x20000086        0x2 build_F103C8Tx/variables.o
                0x20000086                counterB3
 .bss.counterB5
                0x20000088        0x2 build_F103C8Tx/variables.o
                0x20000088                counterB5
 .bss.counterB7
                0x2000008a        0x2 build_F103C8Tx/variables.o
                0x2000008a                counterB7
 .bss.counterB9
                0x2000008c        0x2 build_F103C8Tx/variables.o
                0x2000008c                counterB9
 .bss.p_countB3
                0x2000008e        0x2 build_F103C8Tx/variables.o
                0x2000008e                p_countB3
 .bss.p_countB5
                0x20000090        0x2 build_F103C8Tx/variables.o
                0x20000090                p_countB5
 .bss.p_countB7
                0x20000092        0x2 build_F103C8Tx/variables.o
                0x20000092                p_countB7
 .bss.p_countB9
                0x20000094        0x2 build_F103C8Tx/variables.o
                0x20000094                p_countB9
 .bss.countB3   0x20000096        0x2 build_F103C8Tx/variables.o
                0x20000096                countB3
 .bss.countB5   0x20000098        0x2 build_F103C8Tx/variables.o
                0x20000098                countB5
 .bss.countB7   0x2000009a        0x2 build_F103C8Tx/variables.o
                0x2000009a                countB7
 .bss.countB9   0x2000009c        0x2 build_F103C8Tx/variables.o
                0x2000009c                countB9
 *fill*         0x2000009e        0x2 
 .bss.millis    0x200000a0        0x4 build_F103C8Tx/variables.o
                0x200000a0                millis
 *(COMMON)
                0x200000a4                        . = ALIGN (0x4)
                0x200000a4                        _ebss = .
                0x200000a4                        __bss_end__ = _ebss

._user_heap_stack
                0x200000a4      0x604 load address 0x08000ed8
                0x200000a8                        . = ALIGN (0x8)
 *fill*         0x200000a4        0x4 
                [!provide]                        PROVIDE (end = .)
                0x200000a8                        PROVIDE (_end = .)
                0x200002a8                        . = (. + _Min_Heap_Size)
 *fill*         0x200000a8      0x200 
                0x200006a8                        . = (. + _Min_Stack_Size)
 *fill*         0x200002a8      0x400 
                0x200006a8                        . = ALIGN (0x8)

/DISCARD/
 libc.a(*)
 libm.a(*)
 libgcc.a(*)

.ARM.attributes
                0x00000000       0x29
 *(.ARM.attributes)
 .ARM.attributes
                0x00000000       0x1d C:/SysGCC/arm-eabi/bin/../lib/gcc/arm-none-eabi/14.2.1/thumb/v7-m/nofp/crti.o
 .ARM.attributes
                0x0000001d       0x2d C:/SysGCC/arm-eabi/bin/../lib/gcc/arm-none-eabi/14.2.1/thumb/v7-m/nofp/crtbegin.o
 .ARM.attributes
                0x0000004a       0x2d build_F103C8Tx/system_stm32f1xx.o
 .ARM.attributes
                0x00000077       0x2d build_F103C8Tx/main.o
 .ARM.attributes
                0x000000a4       0x2d build_F103C8Tx/Init.o
 .ARM.attributes
                0x000000d1       0x2d build_F103C8Tx/it_handlers.o
 .ARM.attributes
                0x000000fe       0x2d build_F103C8Tx/variables.o
 .ARM.attributes
                0x0000012b       0x21 build_F103C8Tx/startup_stm32f103xb.o
 .ARM.attributes
                0x0000014c       0x2d C:/SysGCC/arm-eabi/bin/../lib/gcc/arm-none-eabi/14.2.1/thumb/v7-m/nofp\libc_nano.a(libc_a-init.o)
 .ARM.attributes
                0x00000179       0x1d C:/SysGCC/arm-eabi/bin/../lib/gcc/arm-none-eabi/14.2.1/thumb/v7-m/nofp\libgcc.a(_arm_muldivsf3.o)
 .ARM.attributes
                0x00000196       0x1d C:/SysGCC/arm-eabi/bin/../lib/gcc/arm-none-eabi/14.2.1/thumb/v7-m/nofp\libgcc.a(_arm_fixunssfsi.o)
 .ARM.attributes
                0x000001b3       0x2d C:/SysGCC/arm-eabi/bin/../lib/gcc/arm-none-eabi/14.2.1/thumb/v7-m/nofp/crtend.o
 .ARM.attributes
                0x000001e0       0x1d C:/SysGCC/arm-eabi/bin/../lib/gcc/arm-none-eabi/14.2.1/thumb/v7-m/nofp/crtn.o
OUTPUT(build_F103C8Tx/STM32F103C8Tx.elf elf32-littlearm)
LOAD linker stubs
LOAD C:/SysGCC/arm-eabi/bin/../lib/gcc/arm-none-eabi/14.2.1/thumb/v7-m/nofp\libc.a
LOAD C:/SysGCC/arm-eabi/bin/../lib/gcc/arm-none-eabi/14.2.1/thumb/v7-m/nofp\libm.a
LOAD C:/SysGCC/arm-eabi/bin/../lib/gcc/arm-none-eabi/14.2.1/thumb/v7-m/nofp\libgcc.a

.debug_info     0x00000000     0x1927
 .debug_info    0x00000000      0x267 build_F103C8Tx/system_stm32f1xx.o
 .debug_info    0x00000267      0x5a0 build_F103C8Tx/main.o
 .debug_info    0x00000807      0xaed build_F103C8Tx/Init.o
 .debug_info    0x000012f4      0x1e8 build_F103C8Tx/it_handlers.o
 .debug_info    0x000014dc      0x41b build_F103C8Tx/variables.o
 .debug_info    0x000018f7       0x30 build_F103C8Tx/startup_stm32f103xb.o

.debug_abbrev   0x00000000      0x60d
 .debug_abbrev  0x00000000      0x140 build_F103C8Tx/system_stm32f1xx.o
 .debug_abbrev  0x00000140      0x183 build_F103C8Tx/main.o
 .debug_abbrev  0x000002c3      0x1ee build_F103C8Tx/Init.o
 .debug_abbrev  0x000004b1       0xaf build_F103C8Tx/it_handlers.o
 .debug_abbrev  0x00000560       0x90 build_F103C8Tx/variables.o
 .debug_abbrev  0x000005f0       0x1d build_F103C8Tx/startup_stm32f103xb.o

.debug_loc      0x00000000      0x400
 .debug_loc     0x00000000      0x11b build_F103C8Tx/system_stm32f1xx.o
 .debug_loc     0x0000011b      0x124 build_F103C8Tx/main.o
 .debug_loc     0x0000023f      0x1c1 build_F103C8Tx/Init.o

.debug_aranges  0x00000000      0x128
 .debug_aranges
                0x00000000       0x28 build_F103C8Tx/system_stm32f1xx.o
 .debug_aranges
                0x00000028       0x50 build_F103C8Tx/main.o
 .debug_aranges
                0x00000078       0x40 build_F103C8Tx/Init.o
 .debug_aranges
                0x000000b8       0x30 build_F103C8Tx/it_handlers.o
 .debug_aranges
                0x000000e8       0x18 build_F103C8Tx/variables.o
 .debug_aranges
                0x00000100       0x28 build_F103C8Tx/startup_stm32f103xb.o

.debug_ranges   0x00000000       0xc8
 .debug_ranges  0x00000000       0x18 build_F103C8Tx/system_stm32f1xx.o
 .debug_ranges  0x00000018       0x40 build_F103C8Tx/main.o
 .debug_ranges  0x00000058       0x30 build_F103C8Tx/Init.o
 .debug_ranges  0x00000088       0x20 build_F103C8Tx/it_handlers.o
 .debug_ranges  0x000000a8       0x20 build_F103C8Tx/startup_stm32f103xb.o

.debug_line     0x00000000      0xe3c
 .debug_line    0x00000000      0x216 build_F103C8Tx/system_stm32f1xx.o
 .debug_line    0x00000216      0x586 build_F103C8Tx/main.o
 .debug_line    0x0000079c      0x38b build_F103C8Tx/Init.o
 .debug_line    0x00000b27      0x1bf build_F103C8Tx/it_handlers.o
 .debug_line    0x00000ce6       0xcc build_F103C8Tx/variables.o
 .debug_line    0x00000db2       0x8a build_F103C8Tx/startup_stm32f103xb.o

.debug_str      0x00000000      0x92e
 .debug_str     0x00000000      0x92e build_F103C8Tx/system_stm32f1xx.o
                                0x22f (size before relaxing)
 .debug_str     0x0000092e      0x336 build_F103C8Tx/main.o
 .debug_str     0x0000092e      0x6e0 build_F103C8Tx/Init.o
 .debug_str     0x0000092e      0x207 build_F103C8Tx/it_handlers.o
 .debug_str     0x0000092e      0x26b build_F103C8Tx/variables.o
 .debug_str     0x0000092e       0x78 build_F103C8Tx/startup_stm32f103xb.o

.comment        0x00000000       0x45
 .comment       0x00000000       0x45 build_F103C8Tx/system_stm32f1xx.o
                                 0x46 (size before relaxing)
 .comment       0x00000045       0x46 build_F103C8Tx/main.o
 .comment       0x00000045       0x46 build_F103C8Tx/Init.o
 .comment       0x00000045       0x46 build_F103C8Tx/it_handlers.o
 .comment       0x00000045       0x46 build_F103C8Tx/variables.o

.debug_frame    0x00000000      0x210
 .debug_frame   0x00000000       0x30 build_F103C8Tx/system_stm32f1xx.o
 .debug_frame   0x00000030       0xa0 build_F103C8Tx/main.o
 .debug_frame   0x000000d0       0x78 build_F103C8Tx/Init.o
 .debug_frame   0x00000148       0x40 build_F103C8Tx/it_handlers.o
 .debug_frame   0x00000188       0x2c C:/SysGCC/arm-eabi/bin/../lib/gcc/arm-none-eabi/14.2.1/thumb/v7-m/nofp\libc_nano.a(libc_a-init.o)
 .debug_frame   0x000001b4       0x38 C:/SysGCC/arm-eabi/bin/../lib/gcc/arm-none-eabi/14.2.1/thumb/v7-m/nofp\libgcc.a(_arm_muldivsf3.o)
 .debug_frame   0x000001ec       0x24 C:/SysGCC/arm-eabi/bin/../lib/gcc/arm-none-eabi/14.2.1/thumb/v7-m/nofp\libgcc.a(_arm_fixunssfsi.o)

.debug_line_str
                0x00000000       0xca
 .debug_line_str
                0x00000000       0xca C:/SysGCC/arm-eabi/bin/../lib/gcc/arm-none-eabi/14.2.1/thumb/v7-m/nofp\libgcc.a(_arm_muldivsf3.o)
 .debug_line_str
                0x000000ca       0xca C:/SysGCC/arm-eabi/bin/../lib/gcc/arm-none-eabi/14.2.1/thumb/v7-m/nofp\libgcc.a(_arm_fixunssfsi.o)

Cross Reference Table

Symbol                                            File
ADC1_2_IRQHandler                                 build_F103C8Tx/startup_stm32f103xb.o
AHBPrescTable                                     build_F103C8Tx/system_stm32f1xx.o
APBPrescTable                                     build_F103C8Tx/system_stm32f1xx.o
B2                                                build_F103C8Tx/variables.o
                                                  build_F103C8Tx/main.o
B5                                                build_F103C8Tx/variables.o
                                                  build_F103C8Tx/main.o
BusFault_Handler                                  build_F103C8Tx/startup_stm32f103xb.o
CAN1_RX1_IRQHandler                               build_F103C8Tx/startup_stm32f103xb.o
CAN1_SCE_IRQHandler                               build_F103C8Tx/startup_stm32f103xb.o
DMA1_Channel1_IRQHandler                          build_F103C8Tx/startup_stm32f103xb.o
DMA1_Channel2_IRQHandler                          build_F103C8Tx/startup_stm32f103xb.o
DMA1_Channel3_IRQHandler                          build_F103C8Tx/startup_stm32f103xb.o
DMA1_Channel4_IRQHandler                          build_F103C8Tx/startup_stm32f103xb.o
DMA1_Channel5_IRQHandler                          build_F103C8Tx/startup_stm32f103xb.o
DMA1_Channel6_IRQHandler                          build_F103C8Tx/startup_stm32f103xb.o
DMA1_Channel7_IRQHandler                          build_F103C8Tx/startup_stm32f103xb.o
DebugMon_Handler                                  build_F103C8Tx/startup_stm32f103xb.o
Default_Handler                                   build_F103C8Tx/startup_stm32f103xb.o
EXTI0_IRQHandler                                  build_F103C8Tx/startup_stm32f103xb.o
EXTI15_10_IRQHandler                              build_F103C8Tx/startup_stm32f103xb.o
EXTI1_IRQHandler                                  build_F103C8Tx/startup_stm32f103xb.o
EXTI2_IRQHandler                                  build_F103C8Tx/startup_stm32f103xb.o
EXTI3_IRQHandler                                  build_F103C8Tx/it_handlers.o
EXTI4_IRQHandler                                  build_F103C8Tx/startup_stm32f103xb.o
EXTI9_5_IRQHandler                                build_F103C8Tx/it_handlers.o
FLASH_IRQHandler                                  build_F103C8Tx/startup_stm32f103xb.o
G0                                                build_F103C8Tx/variables.o
                                                  build_F103C8Tx/main.o
G7                                                build_F103C8Tx/variables.o
                                                  build_F103C8Tx/main.o
GPIO_init                                         build_F103C8Tx/Init.o
                                                  build_F103C8Tx/main.o
HardFault_Handler                                 build_F103C8Tx/startup_stm32f103xb.o
Hz2ms                                             build_F103C8Tx/main.o
I2C1_ER_IRQHandler                                build_F103C8Tx/startup_stm32f103xb.o
I2C1_EV_IRQHandler                                build_F103C8Tx/startup_stm32f103xb.o
I2C2_ER_IRQHandler                                build_F103C8Tx/startup_stm32f103xb.o
I2C2_EV_IRQHandler                                build_F103C8Tx/startup_stm32f103xb.o
ITR_init                                          build_F103C8Tx/Init.o
                                                  build_F103C8Tx/main.o
LEDsOff                                           build_F103C8Tx/main.o
MemManage_Handler                                 build_F103C8Tx/startup_stm32f103xb.o
Mode1Freqs                                        build_F103C8Tx/variables.o
                                                  build_F103C8Tx/main.o
Mode2Freqs                                        build_F103C8Tx/variables.o
                                                  build_F103C8Tx/main.o
NMI_Handler                                       build_F103C8Tx/startup_stm32f103xb.o
PVD_IRQHandler                                    build_F103C8Tx/startup_stm32f103xb.o
PendSV_Handler                                    build_F103C8Tx/startup_stm32f103xb.o
R1                                                build_F103C8Tx/variables.o
                                                  build_F103C8Tx/main.o
R6                                                build_F103C8Tx/variables.o
                                                  build_F103C8Tx/main.o
RCC_IRQHandler                                    build_F103C8Tx/startup_stm32f103xb.o
RCC_init                                          build_F103C8Tx/Init.o
                                                  build_F103C8Tx/main.o
RTC_Alarm_IRQHandler                              build_F103C8Tx/startup_stm32f103xb.o
RTC_IRQHandler                                    build_F103C8Tx/startup_stm32f103xb.o
Reset_Handler                                     build_F103C8Tx/startup_stm32f103xb.o
SPI1_IRQHandler                                   build_F103C8Tx/startup_stm32f103xb.o
SPI2_IRQHandler                                   build_F103C8Tx/startup_stm32f103xb.o
SVC_Handler                                       build_F103C8Tx/startup_stm32f103xb.o
SysTick_Handler                                   build_F103C8Tx/it_handlers.o
SysTick_init                                      build_F103C8Tx/Init.o
                                                  build_F103C8Tx/main.o
SystemCoreClock                                   build_F103C8Tx/system_stm32f1xx.o
SystemCoreClockUpdate                             build_F103C8Tx/system_stm32f1xx.o
SystemInit                                        build_F103C8Tx/system_stm32f1xx.o
                                                  build_F103C8Tx/startup_stm32f103xb.o
TAMPER_IRQHandler                                 build_F103C8Tx/startup_stm32f103xb.o
TIM1_BRK_IRQHandler                               build_F103C8Tx/startup_stm32f103xb.o
TIM1_CC_IRQHandler                                build_F103C8Tx/startup_stm32f103xb.o
TIM1_TRG_COM_IRQHandler                           build_F103C8Tx/startup_stm32f103xb.o
TIM1_UP_IRQHandler                                build_F103C8Tx/startup_stm32f103xb.o
TIM2_IRQHandler                                   build_F103C8Tx/startup_stm32f103xb.o
TIM3_IRQHandler                                   build_F103C8Tx/startup_stm32f103xb.o
TIM4_IRQHandler                                   build_F103C8Tx/startup_stm32f103xb.o
TSB3                                              build_F103C8Tx/variables.o
                                                  build_F103C8Tx/it_handlers.o
                                                  build_F103C8Tx/main.o
TSB5                                              build_F103C8Tx/variables.o
                                                  build_F103C8Tx/it_handlers.o
                                                  build_F103C8Tx/main.o
TSB7                                              build_F103C8Tx/variables.o
                                                  build_F103C8Tx/it_handlers.o
                                                  build_F103C8Tx/main.o
TSB9                                              build_F103C8Tx/variables.o
                                                  build_F103C8Tx/it_handlers.o
                                                  build_F103C8Tx/main.o
USART1_IRQHandler                                 build_F103C8Tx/startup_stm32f103xb.o
USART2_IRQHandler                                 build_F103C8Tx/startup_stm32f103xb.o
USART3_IRQHandler                                 build_F103C8Tx/startup_stm32f103xb.o
USBWakeUp_IRQHandler                              build_F103C8Tx/startup_stm32f103xb.o
USB_HP_CAN1_TX_IRQHandler                         build_F103C8Tx/startup_stm32f103xb.o
USB_LP_CAN1_RX0_IRQHandler                        build_F103C8Tx/startup_stm32f103xb.o
UsageFault_Handler                                build_F103C8Tx/startup_stm32f103xb.o
WWDG_IRQHandler                                   build_F103C8Tx/startup_stm32f103xb.o
_ITM_deregisterTMCloneTable                       C:/SysGCC/arm-eabi/bin/../lib/gcc/arm-none-eabi/14.2.1/thumb/v7-m/nofp/crtbegin.o
_ITM_registerTMCloneTable                         C:/SysGCC/arm-eabi/bin/../lib/gcc/arm-none-eabi/14.2.1/thumb/v7-m/nofp/crtbegin.o
_Min_Stack_Size                                   build_F103C8Tx/sysmem.o
__TMC_END__                                       C:/SysGCC/arm-eabi/bin/../lib/gcc/arm-none-eabi/14.2.1/thumb/v7-m/nofp/crtend.o
                                                  C:/SysGCC/arm-eabi/bin/../lib/gcc/arm-none-eabi/14.2.1/thumb/v7-m/nofp/crtbegin.o
__aeabi_f2uiz                                     C:/SysGCC/arm-eabi/bin/../lib/gcc/arm-none-eabi/14.2.1/thumb/v7-m/nofp\libgcc.a(_arm_fixunssfsi.o)
                                                  build_F103C8Tx/main.o
__aeabi_fdiv                                      C:/SysGCC/arm-eabi/bin/../lib/gcc/arm-none-eabi/14.2.1/thumb/v7-m/nofp\libgcc.a(_arm_muldivsf3.o)
                                                  build_F103C8Tx/main.o
__aeabi_fmul                                      C:/SysGCC/arm-eabi/bin/../lib/gcc/arm-none-eabi/14.2.1/thumb/v7-m/nofp\libgcc.a(_arm_muldivsf3.o)
                                                  C:/SysGCC/arm-eabi/bin/../lib/gcc/arm-none-eabi/14.2.1/thumb/v7-m/nofp\libgcc.a(_arm_mulsf3.o)
                                                  build_F103C8Tx/main.o
__bss_end__                                       C:/SysGCC/arm-eabi/bin/../lib/gcc/arm-none-eabi/14.2.1/thumb/v7-m/nofp/crt0.o
__bss_start__                                     C:/SysGCC/arm-eabi/bin/../lib/gcc/arm-none-eabi/14.2.1/thumb/v7-m/nofp/crt0.o
__call_exitprocs                                  C:/SysGCC/arm-eabi/bin/../lib/gcc/arm-none-eabi/14.2.1/thumb/v7-m/nofp\libc_nano.a(libc_a-exit.o)
__deregister_frame_info                           C:/SysGCC/arm-eabi/bin/../lib/gcc/arm-none-eabi/14.2.1/thumb/v7-m/nofp/crtbegin.o
__divsf3                                          C:/SysGCC/arm-eabi/bin/../lib/gcc/arm-none-eabi/14.2.1/thumb/v7-m/nofp\libgcc.a(_arm_muldivsf3.o)
__dso_handle                                      C:/SysGCC/arm-eabi/bin/../lib/gcc/arm-none-eabi/14.2.1/thumb/v7-m/nofp/crtbegin.o
__env                                             build_F103C8Tx/syscalls.o
__errno                                           C:/SysGCC/arm-eabi/bin/../lib/gcc/arm-none-eabi/14.2.1/thumb/v7-m/nofp\libc_nano.a(libc_a-errno.o)
                                                  build_F103C8Tx/sysmem.o
                                                  build_F103C8Tx/syscalls.o
__fixunssfsi                                      C:/SysGCC/arm-eabi/bin/../lib/gcc/arm-none-eabi/14.2.1/thumb/v7-m/nofp\libgcc.a(_arm_fixunssfsi.o)
__fp_lock_all                                     C:/SysGCC/arm-eabi/bin/../lib/gcc/arm-none-eabi/14.2.1/thumb/v7-m/nofp\libc_nano.a(libc_a-findfp.o)
__fp_unlock_all                                   C:/SysGCC/arm-eabi/bin/../lib/gcc/arm-none-eabi/14.2.1/thumb/v7-m/nofp\libc_nano.a(libc_a-findfp.o)
__init_array_end                                  C:/SysGCC/arm-eabi/bin/../lib/gcc/arm-none-eabi/14.2.1/thumb/v7-m/nofp\libc_nano.a(libc_a-init.o)
__init_array_start                                C:/SysGCC/arm-eabi/bin/../lib/gcc/arm-none-eabi/14.2.1/thumb/v7-m/nofp\libc_nano.a(libc_a-init.o)
__io_getchar                                      build_F103C8Tx/syscalls.o
__io_putchar                                      build_F103C8Tx/syscalls.o
__libc_fini_array                                 C:/SysGCC/arm-eabi/bin/../lib/gcc/arm-none-eabi/14.2.1/thumb/v7-m/nofp/crt0.o
__libc_init_array                                 C:/SysGCC/arm-eabi/bin/../lib/gcc/arm-none-eabi/14.2.1/thumb/v7-m/nofp\libc_nano.a(libc_a-init.o)
                                                  build_F103C8Tx/startup_stm32f103xb.o
                                                  C:/SysGCC/arm-eabi/bin/../lib/gcc/arm-none-eabi/14.2.1/thumb/v7-m/nofp/crt0.o
__lock___arc4random_mutex                         C:/SysGCC/arm-eabi/bin/../lib/gcc/arm-none-eabi/14.2.1/thumb/v7-m/nofp\libc_nano.a(libc_a-lock.o)
__lock___at_quick_exit_mutex                      C:/SysGCC/arm-eabi/bin/../lib/gcc/arm-none-eabi/14.2.1/thumb/v7-m/nofp\libc_nano.a(libc_a-lock.o)
__lock___atexit_recursive_mutex                   C:/SysGCC/arm-eabi/bin/../lib/gcc/arm-none-eabi/14.2.1/thumb/v7-m/nofp\libc_nano.a(libc_a-lock.o)
__lock___dd_hash_mutex                            C:/SysGCC/arm-eabi/bin/../lib/gcc/arm-none-eabi/14.2.1/thumb/v7-m/nofp\libc_nano.a(libc_a-lock.o)
__lock___env_recursive_mutex                      C:/SysGCC/arm-eabi/bin/../lib/gcc/arm-none-eabi/14.2.1/thumb/v7-m/nofp\libc_nano.a(libc_a-lock.o)
__lock___malloc_recursive_mutex                   C:/SysGCC/arm-eabi/bin/../lib/gcc/arm-none-eabi/14.2.1/thumb/v7-m/nofp\libc_nano.a(libc_a-lock.o)
                                                  C:/SysGCC/arm-eabi/bin/../lib/gcc/arm-none-eabi/14.2.1/thumb/v7-m/nofp\libc_nano.a(libc_a-mlock.o)
__lock___sfp_recursive_mutex                      C:/SysGCC/arm-eabi/bin/../lib/gcc/arm-none-eabi/14.2.1/thumb/v7-m/nofp\libc_nano.a(libc_a-lock.o)
                                                  C:/SysGCC/arm-eabi/bin/../lib/gcc/arm-none-eabi/14.2.1/thumb/v7-m/nofp\libc_nano.a(libc_a-findfp.o)
__lock___tz_mutex                                 C:/SysGCC/arm-eabi/bin/../lib/gcc/arm-none-eabi/14.2.1/thumb/v7-m/nofp\libc_nano.a(libc_a-lock.o)
__malloc_free_list                                C:/SysGCC/arm-eabi/bin/../lib/gcc/arm-none-eabi/14.2.1/thumb/v7-m/nofp\libc_nano.a(libc_a-mallocr.o)
                                                  C:/SysGCC/arm-eabi/bin/../lib/gcc/arm-none-eabi/14.2.1/thumb/v7-m/nofp\libc_nano.a(libc_a-freer.o)
__malloc_lock                                     C:/SysGCC/arm-eabi/bin/../lib/gcc/arm-none-eabi/14.2.1/thumb/v7-m/nofp\libc_nano.a(libc_a-mlock.o)
                                                  C:/SysGCC/arm-eabi/bin/../lib/gcc/arm-none-eabi/14.2.1/thumb/v7-m/nofp\libc_nano.a(libc_a-mallocr.o)
                                                  C:/SysGCC/arm-eabi/bin/../lib/gcc/arm-none-eabi/14.2.1/thumb/v7-m/nofp\libc_nano.a(libc_a-freer.o)
__malloc_sbrk_start                               C:/SysGCC/arm-eabi/bin/../lib/gcc/arm-none-eabi/14.2.1/thumb/v7-m/nofp\libc_nano.a(libc_a-mallocr.o)
__malloc_unlock                                   C:/SysGCC/arm-eabi/bin/../lib/gcc/arm-none-eabi/14.2.1/thumb/v7-m/nofp\libc_nano.a(libc_a-mlock.o)
                                                  C:/SysGCC/arm-eabi/bin/../lib/gcc/arm-none-eabi/14.2.1/thumb/v7-m/nofp\libc_nano.a(libc_a-mallocr.o)
                                                  C:/SysGCC/arm-eabi/bin/../lib/gcc/arm-none-eabi/14.2.1/thumb/v7-m/nofp\libc_nano.a(libc_a-freer.o)
__mulsf3                                          C:/SysGCC/arm-eabi/bin/../lib/gcc/arm-none-eabi/14.2.1/thumb/v7-m/nofp\libgcc.a(_arm_muldivsf3.o)
                                                  C:/SysGCC/arm-eabi/bin/../lib/gcc/arm-none-eabi/14.2.1/thumb/v7-m/nofp\libgcc.a(_arm_mulsf3.o)
__preinit_array_end                               C:/SysGCC/arm-eabi/bin/../lib/gcc/arm-none-eabi/14.2.1/thumb/v7-m/nofp\libc_nano.a(libc_a-init.o)
__preinit_array_start                             C:/SysGCC/arm-eabi/bin/../lib/gcc/arm-none-eabi/14.2.1/thumb/v7-m/nofp\libc_nano.a(libc_a-init.o)
__register_frame_info                             C:/SysGCC/arm-eabi/bin/../lib/gcc/arm-none-eabi/14.2.1/thumb/v7-m/nofp/crtbegin.o
__retarget_lock_acquire                           C:/SysGCC/arm-eabi/bin/../lib/gcc/arm-none-eabi/14.2.1/thumb/v7-m/nofp\libc_nano.a(libc_a-lock.o)
__retarget_lock_acquire_recursive                 C:/SysGCC/arm-eabi/bin/../lib/gcc/arm-none-eabi/14.2.1/thumb/v7-m/nofp\libc_nano.a(libc_a-lock.o)
                                                  C:/SysGCC/arm-eabi/bin/../lib/gcc/arm-none-eabi/14.2.1/thumb/v7-m/nofp\libc_nano.a(libc_a-fflush.o)
                                                  C:/SysGCC/arm-eabi/bin/../lib/gcc/arm-none-eabi/14.2.1/thumb/v7-m/nofp\libc_nano.a(libc_a-mlock.o)
                                                  C:/SysGCC/arm-eabi/bin/../lib/gcc/arm-none-eabi/14.2.1/thumb/v7-m/nofp\libc_nano.a(libc_a-findfp.o)
__retarget_lock_close                             C:/SysGCC/arm-eabi/bin/../lib/gcc/arm-none-eabi/14.2.1/thumb/v7-m/nofp\libc_nano.a(libc_a-lock.o)
__retarget_lock_close_recursive                   C:/SysGCC/arm-eabi/bin/../lib/gcc/arm-none-eabi/14.2.1/thumb/v7-m/nofp\libc_nano.a(libc_a-lock.o)
__retarget_lock_init                              C:/SysGCC/arm-eabi/bin/../lib/gcc/arm-none-eabi/14.2.1/thumb/v7-m/nofp\libc_nano.a(libc_a-lock.o)
__retarget_lock_init_recursive                    C:/SysGCC/arm-eabi/bin/../lib/gcc/arm-none-eabi/14.2.1/thumb/v7-m/nofp\libc_nano.a(libc_a-lock.o)
                                                  C:/SysGCC/arm-eabi/bin/../lib/gcc/arm-none-eabi/14.2.1/thumb/v7-m/nofp\libc_nano.a(libc_a-findfp.o)
__retarget_lock_release                           C:/SysGCC/arm-eabi/bin/../lib/gcc/arm-none-eabi/14.2.1/thumb/v7-m/nofp\libc_nano.a(libc_a-lock.o)
__retarget_lock_release_recursive                 C:/SysGCC/arm-eabi/bin/../lib/gcc/arm-none-eabi/14.2.1/thumb/v7-m/nofp\libc_nano.a(libc_a-lock.o)
                                                  C:/SysGCC/arm-eabi/bin/../lib/gcc/arm-none-eabi/14.2.1/thumb/v7-m/nofp\libc_nano.a(libc_a-fflush.o)
                                                  C:/SysGCC/arm-eabi/bin/../lib/gcc/arm-none-eabi/14.2.1/thumb/v7-m/nofp\libc_nano.a(libc_a-mlock.o)
                                                  C:/SysGCC/arm-eabi/bin/../lib/gcc/arm-none-eabi/14.2.1/thumb/v7-m/nofp\libc_nano.a(libc_a-findfp.o)
__retarget_lock_try_acquire                       C:/SysGCC/arm-eabi/bin/../lib/gcc/arm-none-eabi/14.2.1/thumb/v7-m/nofp\libc_nano.a(libc_a-lock.o)
__retarget_lock_try_acquire_recursive             C:/SysGCC/arm-eabi/bin/../lib/gcc/arm-none-eabi/14.2.1/thumb/v7-m/nofp\libc_nano.a(libc_a-lock.o)
__sclose                                          C:/SysGCC/arm-eabi/bin/../lib/gcc/arm-none-eabi/14.2.1/thumb/v7-m/nofp\libc_nano.a(libc_a-stdio.o)
                                                  C:/SysGCC/arm-eabi/bin/../lib/gcc/arm-none-eabi/14.2.1/thumb/v7-m/nofp\libc_nano.a(libc_a-findfp.o)
__seofread                                        C:/SysGCC/arm-eabi/bin/../lib/gcc/arm-none-eabi/14.2.1/thumb/v7-m/nofp\libc_nano.a(libc_a-stdio.o)
__sf                                              C:/SysGCC/arm-eabi/bin/../lib/gcc/arm-none-eabi/14.2.1/thumb/v7-m/nofp\libc_nano.a(libc_a-findfp.o)
                                                  C:/SysGCC/arm-eabi/bin/../lib/gcc/arm-none-eabi/14.2.1/thumb/v7-m/nofp\libc_nano.a(libc_a-impure.o)
__sflush_r                                        C:/SysGCC/arm-eabi/bin/../lib/gcc/arm-none-eabi/14.2.1/thumb/v7-m/nofp\libc_nano.a(libc_a-fflush.o)
__sfp                                             C:/SysGCC/arm-eabi/bin/../lib/gcc/arm-none-eabi/14.2.1/thumb/v7-m/nofp\libc_nano.a(libc_a-findfp.o)
__sfp_lock_acquire                                C:/SysGCC/arm-eabi/bin/../lib/gcc/arm-none-eabi/14.2.1/thumb/v7-m/nofp\libc_nano.a(libc_a-findfp.o)
__sfp_lock_release                                C:/SysGCC/arm-eabi/bin/../lib/gcc/arm-none-eabi/14.2.1/thumb/v7-m/nofp\libc_nano.a(libc_a-findfp.o)
__sglue                                           C:/SysGCC/arm-eabi/bin/../lib/gcc/arm-none-eabi/14.2.1/thumb/v7-m/nofp\libc_nano.a(libc_a-findfp.o)
                                                  C:/SysGCC/arm-eabi/bin/../lib/gcc/arm-none-eabi/14.2.1/thumb/v7-m/nofp\libc_nano.a(libc_a-fflush.o)
__sinit                                           C:/SysGCC/arm-eabi/bin/../lib/gcc/arm-none-eabi/14.2.1/thumb/v7-m/nofp\libc_nano.a(libc_a-findfp.o)
                                                  C:/SysGCC/arm-eabi/bin/../lib/gcc/arm-none-eabi/14.2.1/thumb/v7-m/nofp\libc_nano.a(libc_a-fflush.o)
__sread                                           C:/SysGCC/arm-eabi/bin/../lib/gcc/arm-none-eabi/14.2.1/thumb/v7-m/nofp\libc_nano.a(libc_a-stdio.o)
                                                  C:/SysGCC/arm-eabi/bin/../lib/gcc/arm-none-eabi/14.2.1/thumb/v7-m/nofp\libc_nano.a(libc_a-findfp.o)
__sseek                                           C:/SysGCC/arm-eabi/bin/../lib/gcc/arm-none-eabi/14.2.1/thumb/v7-m/nofp\libc_nano.a(libc_a-stdio.o)
                                                  C:/SysGCC/arm-eabi/bin/../lib/gcc/arm-none-eabi/14.2.1/thumb/v7-m/nofp\libc_nano.a(libc_a-findfp.o)
__stack                                           C:/SysGCC/arm-eabi/bin/../lib/gcc/arm-none-eabi/14.2.1/thumb/v7-m/nofp/crt0.o
__stdio_exit_handler                              C:/SysGCC/arm-eabi/bin/../lib/gcc/arm-none-eabi/14.2.1/thumb/v7-m/nofp\libc_nano.a(libc_a-findfp.o)
                                                  C:/SysGCC/arm-eabi/bin/../lib/gcc/arm-none-eabi/14.2.1/thumb/v7-m/nofp\libc_nano.a(libc_a-exit.o)
__swrite                                          C:/SysGCC/arm-eabi/bin/../lib/gcc/arm-none-eabi/14.2.1/thumb/v7-m/nofp\libc_nano.a(libc_a-stdio.o)
                                                  C:/SysGCC/arm-eabi/bin/../lib/gcc/arm-none-eabi/14.2.1/thumb/v7-m/nofp\libc_nano.a(libc_a-findfp.o)
_close                                            build_F103C8Tx/syscalls.o
                                                  C:/SysGCC/arm-eabi/bin/../lib/gcc/arm-none-eabi/14.2.1/thumb/v7-m/nofp\libc_nano.a(libc_a-closer.o)
_close_r                                          C:/SysGCC/arm-eabi/bin/../lib/gcc/arm-none-eabi/14.2.1/thumb/v7-m/nofp\libc_nano.a(libc_a-closer.o)
                                                  C:/SysGCC/arm-eabi/bin/../lib/gcc/arm-none-eabi/14.2.1/thumb/v7-m/nofp\libc_nano.a(libc_a-stdio.o)
_ebss                                             build_F103C8Tx/startup_stm32f103xb.o
_edata                                            build_F103C8Tx/startup_stm32f103xb.o
_end                                              build_F103C8Tx/sysmem.o
_estack                                           build_F103C8Tx/startup_stm32f103xb.o
                                                  build_F103C8Tx/sysmem.o
_execve                                           build_F103C8Tx/syscalls.o
_exit                                             build_F103C8Tx/syscalls.o
                                                  C:/SysGCC/arm-eabi/bin/../lib/gcc/arm-none-eabi/14.2.1/thumb/v7-m/nofp\libc_nano.a(libc_a-exit.o)
_fflush_r                                         C:/SysGCC/arm-eabi/bin/../lib/gcc/arm-none-eabi/14.2.1/thumb/v7-m/nofp\libc_nano.a(libc_a-fflush.o)
                                                  C:/SysGCC/arm-eabi/bin/../lib/gcc/arm-none-eabi/14.2.1/thumb/v7-m/nofp\libc_nano.a(libc_a-findfp.o)
_fini                                             C:/SysGCC/arm-eabi/bin/../lib/gcc/arm-none-eabi/14.2.1/thumb/v7-m/nofp/crti.o
_fork                                             build_F103C8Tx/syscalls.o
_free_r                                           C:/SysGCC/arm-eabi/bin/../lib/gcc/arm-none-eabi/14.2.1/thumb/v7-m/nofp\libc_nano.a(libc_a-freer.o)
                                                  C:/SysGCC/arm-eabi/bin/../lib/gcc/arm-none-eabi/14.2.1/thumb/v7-m/nofp\libc_nano.a(libc_a-fflush.o)
                                                  C:/SysGCC/arm-eabi/bin/../lib/gcc/arm-none-eabi/14.2.1/thumb/v7-m/nofp\libc_nano.a(libc_a-reent.o)
_fstat                                            build_F103C8Tx/syscalls.o
_fwalk_sglue                                      C:/SysGCC/arm-eabi/bin/../lib/gcc/arm-none-eabi/14.2.1/thumb/v7-m/nofp\libc_nano.a(libc_a-fwalk.o)
                                                  C:/SysGCC/arm-eabi/bin/../lib/gcc/arm-none-eabi/14.2.1/thumb/v7-m/nofp\libc_nano.a(libc_a-fflush.o)
                                                  C:/SysGCC/arm-eabi/bin/../lib/gcc/arm-none-eabi/14.2.1/thumb/v7-m/nofp\libc_nano.a(libc_a-findfp.o)
_getpid                                           build_F103C8Tx/syscalls.o
_impure_data                                      C:/SysGCC/arm-eabi/bin/../lib/gcc/arm-none-eabi/14.2.1/thumb/v7-m/nofp\libc_nano.a(libc_a-impure.o)
                                                  C:/SysGCC/arm-eabi/bin/../lib/gcc/arm-none-eabi/14.2.1/thumb/v7-m/nofp\libc_nano.a(libc_a-fflush.o)
                                                  C:/SysGCC/arm-eabi/bin/../lib/gcc/arm-none-eabi/14.2.1/thumb/v7-m/nofp\libc_nano.a(libc_a-findfp.o)
_impure_ptr                                       C:/SysGCC/arm-eabi/bin/../lib/gcc/arm-none-eabi/14.2.1/thumb/v7-m/nofp\libc_nano.a(libc_a-impure.o)
                                                  C:/SysGCC/arm-eabi/bin/../lib/gcc/arm-none-eabi/14.2.1/thumb/v7-m/nofp\libc_nano.a(libc_a-fflush.o)
                                                  C:/SysGCC/arm-eabi/bin/../lib/gcc/arm-none-eabi/14.2.1/thumb/v7-m/nofp\libc_nano.a(libc_a-errno.o)
                                                  C:/SysGCC/arm-eabi/bin/../lib/gcc/arm-none-eabi/14.2.1/thumb/v7-m/nofp\libc_nano.a(libc_a-reent.o)
_init                                             C:/SysGCC/arm-eabi/bin/../lib/gcc/arm-none-eabi/14.2.1/thumb/v7-m/nofp/crti.o
                                                  C:/SysGCC/arm-eabi/bin/../lib/gcc/arm-none-eabi/14.2.1/thumb/v7-m/nofp\libc_nano.a(libc_a-init.o)
_isatty                                           build_F103C8Tx/syscalls.o
_kill                                             build_F103C8Tx/syscalls.o
_link                                             build_F103C8Tx/syscalls.o
_lseek                                            build_F103C8Tx/syscalls.o
                                                  C:/SysGCC/arm-eabi/bin/../lib/gcc/arm-none-eabi/14.2.1/thumb/v7-m/nofp\libc_nano.a(libc_a-lseekr.o)
_lseek_r                                          C:/SysGCC/arm-eabi/bin/../lib/gcc/arm-none-eabi/14.2.1/thumb/v7-m/nofp\libc_nano.a(libc_a-lseekr.o)
                                                  C:/SysGCC/arm-eabi/bin/../lib/gcc/arm-none-eabi/14.2.1/thumb/v7-m/nofp\libc_nano.a(libc_a-stdio.o)
_mainCRTStartup                                   C:/SysGCC/arm-eabi/bin/../lib/gcc/arm-none-eabi/14.2.1/thumb/v7-m/nofp/crt0.o
_malloc_r                                         C:/SysGCC/arm-eabi/bin/../lib/gcc/arm-none-eabi/14.2.1/thumb/v7-m/nofp\libc_nano.a(libc_a-mallocr.o)
                                                  C:/SysGCC/arm-eabi/bin/../lib/gcc/arm-none-eabi/14.2.1/thumb/v7-m/nofp\libc_nano.a(libc_a-findfp.o)
_open                                             build_F103C8Tx/syscalls.o
_read                                             build_F103C8Tx/syscalls.o
                                                  C:/SysGCC/arm-eabi/bin/../lib/gcc/arm-none-eabi/14.2.1/thumb/v7-m/nofp\libc_nano.a(libc_a-readr.o)
_read_r                                           C:/SysGCC/arm-eabi/bin/../lib/gcc/arm-none-eabi/14.2.1/thumb/v7-m/nofp\libc_nano.a(libc_a-readr.o)
                                                  C:/SysGCC/arm-eabi/bin/../lib/gcc/arm-none-eabi/14.2.1/thumb/v7-m/nofp\libc_nano.a(libc_a-stdio.o)
_reclaim_reent                                    C:/SysGCC/arm-eabi/bin/../lib/gcc/arm-none-eabi/14.2.1/thumb/v7-m/nofp\libc_nano.a(libc_a-reent.o)
_sbrk                                             build_F103C8Tx/sysmem.o
                                                  C:/SysGCC/arm-eabi/bin/../lib/gcc/arm-none-eabi/14.2.1/thumb/v7-m/nofp\libc_nano.a(libc_a-sbrkr.o)
_sbrk_r                                           C:/SysGCC/arm-eabi/bin/../lib/gcc/arm-none-eabi/14.2.1/thumb/v7-m/nofp\libc_nano.a(libc_a-sbrkr.o)
                                                  C:/SysGCC/arm-eabi/bin/../lib/gcc/arm-none-eabi/14.2.1/thumb/v7-m/nofp\libc_nano.a(libc_a-mallocr.o)
_sbss                                             build_F103C8Tx/startup_stm32f103xb.o
_sdata                                            build_F103C8Tx/startup_stm32f103xb.o
_sidata                                           build_F103C8Tx/startup_stm32f103xb.o
_stack_init                                       C:/SysGCC/arm-eabi/bin/../lib/gcc/arm-none-eabi/14.2.1/thumb/v7-m/nofp/crt0.o
_start                                            C:/SysGCC/arm-eabi/bin/../lib/gcc/arm-none-eabi/14.2.1/thumb/v7-m/nofp/crt0.o
_stat                                             build_F103C8Tx/syscalls.o
_times                                            build_F103C8Tx/syscalls.o
_unlink                                           build_F103C8Tx/syscalls.o
_wait                                             build_F103C8Tx/syscalls.o
_write                                            build_F103C8Tx/syscalls.o
                                                  C:/SysGCC/arm-eabi/bin/../lib/gcc/arm-none-eabi/14.2.1/thumb/v7-m/nofp\libc_nano.a(libc_a-writer.o)
_write_r                                          C:/SysGCC/arm-eabi/bin/../lib/gcc/arm-none-eabi/14.2.1/thumb/v7-m/nofp\libc_nano.a(libc_a-writer.o)
                                                  C:/SysGCC/arm-eabi/bin/../lib/gcc/arm-none-eabi/14.2.1/thumb/v7-m/nofp\libc_nano.a(libc_a-stdio.o)
atexit                                            C:/SysGCC/arm-eabi/bin/../lib/gcc/arm-none-eabi/14.2.1/thumb/v7-m/nofp/crt0.o
checkButtons                                      build_F103C8Tx/main.o
countB3                                           build_F103C8Tx/variables.o
                                                  build_F103C8Tx/it_handlers.o
                                                  build_F103C8Tx/main.o
countB5                                           build_F103C8Tx/variables.o
                                                  build_F103C8Tx/it_handlers.o
                                                  build_F103C8Tx/main.o
countB7                                           build_F103C8Tx/variables.o
                                                  build_F103C8Tx/it_handlers.o
                                                  build_F103C8Tx/main.o
countB9                                           build_F103C8Tx/variables.o
                                                  build_F103C8Tx/it_handlers.o
                                                  build_F103C8Tx/main.o
counterB3                                         build_F103C8Tx/variables.o
                                                  build_F103C8Tx/main.o
counterB5                                         build_F103C8Tx/variables.o
                                                  build_F103C8Tx/main.o
counterB7                                         build_F103C8Tx/variables.o
                                                  build_F103C8Tx/main.o
counterB9                                         build_F103C8Tx/variables.o
                                                  build_F103C8Tx/main.o
currentFreqMode1                                  build_F103C8Tx/variables.o
                                                  build_F103C8Tx/main.o
currentFreqsMode2                                 build_F103C8Tx/variables.o
                                                  build_F103C8Tx/main.o
debounce_thresh                                   build_F103C8Tx/variables.o
                                                  build_F103C8Tx/main.o
environ                                           build_F103C8Tx/syscalls.o
errno                                             C:/SysGCC/arm-eabi/bin/../lib/gcc/arm-none-eabi/14.2.1/thumb/v7-m/nofp\libc_nano.a(libc_a-reent.o)
                                                  C:/SysGCC/arm-eabi/bin/../lib/gcc/arm-none-eabi/14.2.1/thumb/v7-m/nofp\libc_nano.a(libc_a-sbrkr.o)
                                                  C:/SysGCC/arm-eabi/bin/../lib/gcc/arm-none-eabi/14.2.1/thumb/v7-m/nofp\libc_nano.a(libc_a-writer.o)
                                                  C:/SysGCC/arm-eabi/bin/../lib/gcc/arm-none-eabi/14.2.1/thumb/v7-m/nofp\libc_nano.a(libc_a-readr.o)
                                                  C:/SysGCC/arm-eabi/bin/../lib/gcc/arm-none-eabi/14.2.1/thumb/v7-m/nofp\libc_nano.a(libc_a-lseekr.o)
                                                  C:/SysGCC/arm-eabi/bin/../lib/gcc/arm-none-eabi/14.2.1/thumb/v7-m/nofp\libc_nano.a(libc_a-closer.o)
exit                                              C:/SysGCC/arm-eabi/bin/../lib/gcc/arm-none-eabi/14.2.1/thumb/v7-m/nofp\libc_nano.a(libc_a-exit.o)
                                                  C:/SysGCC/arm-eabi/bin/../lib/gcc/arm-none-eabi/14.2.1/thumb/v7-m/nofp/crt0.o
fflush                                            C:/SysGCC/arm-eabi/bin/../lib/gcc/arm-none-eabi/14.2.1/thumb/v7-m/nofp\libc_nano.a(libc_a-fflush.o)
function1                                         build_F103C8Tx/main.o
function2                                         build_F103C8Tx/main.o
g_pfnVectors                                      build_F103C8Tx/startup_stm32f103xb.o
hardware_init_hook                                C:/SysGCC/arm-eabi/bin/../lib/gcc/arm-none-eabi/14.2.1/thumb/v7-m/nofp/crt0.o
initialise_monitor_handles                        build_F103C8Tx/syscalls.o
main                                              build_F103C8Tx/main.o
                                                  build_F103C8Tx/startup_stm32f103xb.o
                                                  C:/SysGCC/arm-eabi/bin/../lib/gcc/arm-none-eabi/14.2.1/thumb/v7-m/nofp/crt0.o
memset                                            C:/SysGCC/arm-eabi/bin/../lib/gcc/arm-none-eabi/14.2.1/thumb/v7-m/nofp\libc_nano.a(libc_a-memset.o)
                                                  C:/SysGCC/arm-eabi/bin/../lib/gcc/arm-none-eabi/14.2.1/thumb/v7-m/nofp\libc_nano.a(libc_a-findfp.o)
                                                  C:/SysGCC/arm-eabi/bin/../lib/gcc/arm-none-eabi/14.2.1/thumb/v7-m/nofp/crt0.o
millis                                            build_F103C8Tx/variables.o
                                                  build_F103C8Tx/it_handlers.o
                                                  build_F103C8Tx/main.o
mode                                              build_F103C8Tx/variables.o
                                                  build_F103C8Tx/main.o
p_countB3                                         build_F103C8Tx/variables.o
                                                  build_F103C8Tx/main.o
p_countB5                                         build_F103C8Tx/variables.o
                                                  build_F103C8Tx/main.o
p_countB7                                         build_F103C8Tx/variables.o
                                                  build_F103C8Tx/main.o
p_countB9                                         build_F103C8Tx/variables.o
                                                  build_F103C8Tx/main.o
selLED                                            build_F103C8Tx/variables.o
                                                  build_F103C8Tx/main.o
software_init_hook                                C:/SysGCC/arm-eabi/bin/../lib/gcc/arm-none-eabi/14.2.1/thumb/v7-m/nofp/crt0.o
updateLEDs                                        build_F103C8Tx/main.o
